Archive member included to satisfy reference by file (symbol)

examples/libexamples.a(LCD_1in28_test.c.obj)
                              CMakeFiles/main.dir/main.c.obj (LCD_1in28_init)
lib/LCD/libLCD.a(LCD_1in28.c.obj)
                              examples/libexamples.a(LCD_1in28_test.c.obj) (LCD_1IN28)
lib/GUI/libGUI.a(GUI_Paint.c.obj)
                              examples/libexamples.a(LCD_1in28_test.c.obj) (Paint_NewImage)
lib/Fonts/libFonts.a(font16.c.obj)
                              examples/libexamples.a(LCD_1in28_test.c.obj) (Font16)
lib/Fonts/libFonts.a(font24.c.obj)
                              examples/libexamples.a(LCD_1in28_test.c.obj) (Font24)
lib/Config/libConfig.a(DEV_Config.c.obj)
                              lib/LCD/libLCD.a(LCD_1in28.c.obj) (DEV_Digital_Write)
/Applications/ArmGNUToolchain/13.2.Rel1/arm-none-eabi/bin/../lib/gcc/arm-none-eabi/13.2.1/thumb/v6-m/nofp/libgcc.a(_dvmd_tls.o)
                              CMakeFiles/main.dir/Users/jjulich/Documents/pico-sdk/src/rp2_common/pico_divider/divider.S.obj (__aeabi_idiv0)
/Applications/ArmGNUToolchain/13.2.Rel1/arm-none-eabi/bin/../lib/gcc/arm-none-eabi/13.2.1/../../../../arm-none-eabi/lib/thumb/v6-m/nofp/libg.a(libc_a-calloc.o)
                              CMakeFiles/main.dir/Users/jjulich/Documents/pico-sdk/src/rp2_common/pico_malloc/pico_malloc.c.obj (calloc)
/Applications/ArmGNUToolchain/13.2.Rel1/arm-none-eabi/bin/../lib/gcc/arm-none-eabi/13.2.1/../../../../arm-none-eabi/lib/thumb/v6-m/nofp/libg.a(libc_a-callocr.o)
                              /Applications/ArmGNUToolchain/13.2.Rel1/arm-none-eabi/bin/../lib/gcc/arm-none-eabi/13.2.1/../../../../arm-none-eabi/lib/thumb/v6-m/nofp/libg.a(libc_a-calloc.o) (_calloc_r)
/Applications/ArmGNUToolchain/13.2.Rel1/arm-none-eabi/bin/../lib/gcc/arm-none-eabi/13.2.1/../../../../arm-none-eabi/lib/thumb/v6-m/nofp/libg.a(libc_a-malloc.o)
                              CMakeFiles/main.dir/Users/jjulich/Documents/pico-sdk/src/rp2_common/pico_malloc/pico_malloc.c.obj (malloc)
/Applications/ArmGNUToolchain/13.2.Rel1/arm-none-eabi/bin/../lib/gcc/arm-none-eabi/13.2.1/../../../../arm-none-eabi/lib/thumb/v6-m/nofp/libg.a(libc_a-mallocr.o)
                              /Applications/ArmGNUToolchain/13.2.Rel1/arm-none-eabi/bin/../lib/gcc/arm-none-eabi/13.2.1/../../../../arm-none-eabi/lib/thumb/v6-m/nofp/libg.a(libc_a-callocr.o) (_malloc_r)
/Applications/ArmGNUToolchain/13.2.Rel1/arm-none-eabi/bin/../lib/gcc/arm-none-eabi/13.2.1/../../../../arm-none-eabi/lib/thumb/v6-m/nofp/libg.a(libc_a-mlock.o)
                              /Applications/ArmGNUToolchain/13.2.Rel1/arm-none-eabi/bin/../lib/gcc/arm-none-eabi/13.2.1/../../../../arm-none-eabi/lib/thumb/v6-m/nofp/libg.a(libc_a-mallocr.o) (__malloc_lock)
/Applications/ArmGNUToolchain/13.2.Rel1/arm-none-eabi/bin/../lib/gcc/arm-none-eabi/13.2.1/../../../../arm-none-eabi/lib/thumb/v6-m/nofp/libg.a(libc_a-realloc.o)
                              CMakeFiles/main.dir/Users/jjulich/Documents/pico-sdk/src/rp2_common/pico_malloc/pico_malloc.c.obj (realloc)
/Applications/ArmGNUToolchain/13.2.Rel1/arm-none-eabi/bin/../lib/gcc/arm-none-eabi/13.2.1/../../../../arm-none-eabi/lib/thumb/v6-m/nofp/libg.a(libc_a-reallocr.o)
                              /Applications/ArmGNUToolchain/13.2.Rel1/arm-none-eabi/bin/../lib/gcc/arm-none-eabi/13.2.1/../../../../arm-none-eabi/lib/thumb/v6-m/nofp/libg.a(libc_a-realloc.o) (_realloc_r)
/Applications/ArmGNUToolchain/13.2.Rel1/arm-none-eabi/bin/../lib/gcc/arm-none-eabi/13.2.1/../../../../arm-none-eabi/lib/thumb/v6-m/nofp/libg.a(libc_a-memmove.o)
                              /Applications/ArmGNUToolchain/13.2.Rel1/arm-none-eabi/bin/../lib/gcc/arm-none-eabi/13.2.1/../../../../arm-none-eabi/lib/thumb/v6-m/nofp/libg.a(libc_a-reallocr.o) (memmove)
/Applications/ArmGNUToolchain/13.2.Rel1/arm-none-eabi/bin/../lib/gcc/arm-none-eabi/13.2.1/../../../../arm-none-eabi/lib/thumb/v6-m/nofp/libg.a(libc_a-strncpy.o)
                              examples/libexamples.a(LCD_1in28_test.c.obj) (strncpy)
/Applications/ArmGNUToolchain/13.2.Rel1/arm-none-eabi/bin/../lib/gcc/arm-none-eabi/13.2.1/../../../../arm-none-eabi/lib/thumb/v6-m/nofp/libg.a(libc_a-impure.o)
                              /Applications/ArmGNUToolchain/13.2.Rel1/arm-none-eabi/bin/../lib/gcc/arm-none-eabi/13.2.1/../../../../arm-none-eabi/lib/thumb/v6-m/nofp/libg.a(libc_a-calloc.o) (_impure_ptr)
/Applications/ArmGNUToolchain/13.2.Rel1/arm-none-eabi/bin/../lib/gcc/arm-none-eabi/13.2.1/../../../../arm-none-eabi/lib/thumb/v6-m/nofp/libg.a(libc_a-sbrkr.o)
                              /Applications/ArmGNUToolchain/13.2.Rel1/arm-none-eabi/bin/../lib/gcc/arm-none-eabi/13.2.1/../../../../arm-none-eabi/lib/thumb/v6-m/nofp/libg.a(libc_a-mallocr.o) (_sbrk_r)
/Applications/ArmGNUToolchain/13.2.Rel1/arm-none-eabi/bin/../lib/gcc/arm-none-eabi/13.2.1/../../../../arm-none-eabi/lib/thumb/v6-m/nofp/libg.a(libc_a-errno.o)
[...]
Memory Configuration

Name             Origin             Length             Attributes
FLASH            0x10000000         0x00200000         xr
RAM              0x20000000         0x00040000         xrw
SCRATCH_X        0x20040000         0x00001000         xrw
SCRATCH_Y        0x20041000         0x00001000         xrw
*default*        0x00000000         0xffffffff

Linker script and memory map

LOAD /Applications/ArmGNUToolchain/13.2.Rel1/arm-none-eabi/bin/../lib/gcc/arm-none-eabi/13.2.1/thumb/v6-m/nofp/crti.o
LOAD /Applications/ArmGNUToolchain/13.2.Rel1/arm-none-eabi/bin/../lib/gcc/arm-none-eabi/13.2.1/thumb/v6-m/nofp/crtbegin.o
LOAD /Applications/ArmGNUToolchain/13.2.Rel1/arm-none-eabi/bin/../lib/gcc/arm-none-eabi/13.2.1/../../../../arm-none-eabi/lib/thumb/v6-m/nofp/crt0.o

.flash_begin    0x10000000        0x0
                0x10000000                        __flash_binary_start = .

.boot2          0x10000000      0x100
                0x10000000                        __boot2_start__ = .
 *(.boot2)
 .boot2         0x10000000      0x100 /var/folders/1n/t38rngmd42j286ky10t24rmc6q8d32/T//cciZQCf5.o
                0x10000100                        __boot2_end__ = .
                0x00000001                        ASSERT (((__boot2_end__ - __boot2_start__) == 0x100), ERROR: Pico second stage bootloader must be 256 bytes in size)

.text           0x10000100     0x9290
                0x10000100                        __logical_binary_start = .
 *(.vectors)
 .vectors       0x10000100       0xd4 CMakeFiles/main.dir/Users/jjulich/Documents/pico-sdk/src/rp2_common/pico_standard_link/crt0.S.obj
                0x10000100                __VECTOR_TABLE
                0x10000100                __vectors
                0x100001c0                __default_isrs_start
                0x100001c0                isr_invalid
                0x100001c2                isr_nmi
                0x100001c4                isr_hardfault
                0x100001c6                isr_svcall
                0x100001c8                isr_pendsv
                0x100001ca                isr_systick
                0x100001cc                isr_irq28
                0x100001cc                isr_irq19
                0x100001cc                isr_irq0
                0x100001cc                isr_irq6
                0x100001cc                isr_irq22
                0x100001cc                isr_irq17
                0x100001cc                isr_irq14
                0x100001cc                isr_irq2
                0x100001cc                isr_irq10
                0x100001cc                isr_irq8
                0x100001cc                isr_irq24
                0x100001cc                isr_irq1
                0x100001cc                isr_irq7
                0x100001cc                isr_irq21
                0x100001cc                isr_irq20
                0x100001cc                isr_irq15
                0x100001cc                isr_irq25
                0x100001cc                isr_irq4
                0x100001cc                isr_irq16
                0x100001cc                isr_irq29
                0x100001cc                isr_irq26
                0x100001cc                __default_isrs_end
                0x100001cc                isr_irq3
                0x100001cc                isr_irq9
                0x100001cc                __unhandled_user_irq
                0x100001cc                isr_irq13
                0x100001cc                isr_irq27
                0x100001cc                isr_irq31
                0x100001cc                isr_irq5
                0x100001cc                isr_irq11
                0x100001cc                isr_irq23
                0x100001cc                isr_irq18
                0x100001cc                isr_irq30
                0x100001cc                isr_irq12
                0x100001d2                unhandled_user_irq_num_in_r0
 *(.binary_info_header)
 .binary_info_header
                0x100001d4       0x14 CMakeFiles/main.dir/Users/jjulich/Documents/pico-sdk/src/rp2_common/pico_standard_link/crt0.S.obj
                0x100001e8                        __binary_info_header_end = .
 *(.reset)
 .reset         0x100001e8       0xa0 CMakeFiles/main.dir/Users/jjulich/Documents/pico-sdk/src/rp2_common/pico_standard_link/crt0.S.obj
                0x100001e8                _entry_point
 .reset         0x10000288       0x30 CMakeFiles/main.dir/Users/jjulich/Documents/pico-sdk/src/rp2_common/pico_standard_link/binary_info.c.obj
 *(.init)
 .init          0x100002b8        0x4 /Applications/ArmGNUToolchain/13.2.Rel1/arm-none-eabi/bin/../lib/gcc/arm-none-eabi/13.2.1/thumb/v6-m/nofp/crti.o
                0x100002b8                _init
 *(EXCLUDE_FILE(*libm.a: *libc.a:*lib_a-mem*.o *libgcc.a:) .text*)
 .text.register_tm_clones
                0x100002bc       0x28 /Applications/ArmGNUToolchain/13.2.Rel1/arm-none-eabi/bin/../lib/gcc/arm-none-eabi/13.2.1/thumb/v6-m/nofp/crtbegin.o
 .text.frame_dummy
                0x100002e4       0x24 /Applications/ArmGNUToolchain/13.2.Rel1/arm-none-eabi/bin/../lib/gcc/arm-none-eabi/13.2.1/thumb/v6-m/nofp/crtbegin.o
 .text.main     0x10000308       0x80 CMakeFiles/main.dir/main.c.obj
                0x10000308                main
 .text.gpio_set_function
                0x10000388       0x30 CMakeFiles/main.dir/Users/jjulich/Documents/pico-sdk/src/rp2_common/hardware_gpio/gpio.c.obj
                0x10000388                gpio_set_function
 .text.gpio_set_pulls
                0x100003b8       0x34 CMakeFiles/main.dir/Users/jjulich/Documents/pico-sdk/src/rp2_common/hardware_gpio/gpio.c.obj
                0x100003b8                gpio_set_pulls
 .text.gpio_set_input_enabled
                0x100003ec       0x30 CMakeFiles/main.dir/Users/jjulich/Documents/pico-sdk/src/rp2_common/hardware_gpio/gpio.c.obj
                0x100003ec                gpio_set_input_enabled
 .text.gpio_init
                0x1000041c       0x16 CMakeFiles/main.dir/Users/jjulich/Documents/pico-sdk/src/rp2_common/hardware_gpio/gpio.c.obj
                0x1000041c                gpio_init
 *fill*         0x10000432        0x2 
 .text.running_on_fpga
                0x10000434       0x14 CMakeFiles/main.dir/Users/jjulich/Documents/pico-sdk/src/rp2_common/pico_platform/platform.c.obj
                0x10000434                running_on_fpga
 .text.hw_claim_lock
                0x10000448       0x18 CMakeFiles/main.dir/Users/jjulich/Documents/pico-sdk/src/rp2_common/hardware_claim/claim.c.obj
                0x10000448                hw_claim_lock
 .text.hw_claim_unlock
                0x10000460       0x14 CMakeFiles/main.dir/Users/jjulich/Documents/pico-sdk/src/rp2_common/hardware_claim/claim.c.obj
                0x10000460                hw_claim_unlock
 .text.hw_claim_or_assert
                0x10000474       0x32 CMakeFiles/main.dir/Users/jjulich/Documents/pico-sdk/src/rp2_common/hardware_claim/claim.c.obj
                0x10000474                hw_claim_or_assert
 .text.hw_claim_unused_from_range
                0x100004a6       0x50 CMakeFiles/main.dir/Users/jjulich/Documents/pico-sdk/src/rp2_common/hardware_claim/claim.c.obj
                0x100004a6                hw_claim_unused_from_range
 *fill*         0x100004f6        0x2 
 .text.spin_locks_reset
                0x100004f8       0x20 CMakeFiles/main.dir/Users/jjulich/Documents/pico-sdk/src/rp2_common/hardware_sync/sync.c.obj
                0x100004f8                spin_locks_reset
 .text.next_striped_spin_lock_num
                0x10000518       0x1c CMakeFiles/main.dir/Users/jjulich/Documents/pico-sdk/src/rp2_common/hardware_sync/sync.c.obj
                0x10000518                next_striped_spin_lock_num
 .text.spin_lock_claim_unused
                0x10000534       0x24 CMakeFiles/main.dir/Users/jjulich/Documents/pico-sdk/src/rp2_common/hardware_sync/sync.c.obj
                0x10000534                spin_lock_claim_unused
 .text.set_raw_irq_handler_and_unlock
                0x10000558       0x28 CMakeFiles/main.dir/Users/jjulich/Documents/pico-sdk/src/rp2_common/hardware_irq/irq.c.obj
 .text.resolve_branch
                0x10000580       0x30 CMakeFiles/main.dir/Users/jjulich/Documents/pico-sdk/src/rp2_common/hardware_irq/irq.c.obj
 .text.make_branch
                0x100005b0       0x48 CMakeFiles/main.dir/Users/jjulich/Documents/pico-sdk/src/rp2_common/hardware_irq/irq.c.obj
 .text.insert_branch_and_link
                0x100005f8       0x40 CMakeFiles/main.dir/Users/jjulich/Documents/pico-sdk/src/rp2_common/hardware_irq/irq.c.obj
 .text.irq_is_enabled
                0x10000638       0x18 CMakeFiles/main.dir/Users/jjulich/Documents/pico-sdk/src/rp2_common/hardware_irq/irq.c.obj
                0x10000638                irq_is_enabled
 .text.irq_set_mask_enabled
                0x10000650       0x20 CMakeFiles/main.dir/Users/jjulich/Documents/pico-sdk/src/rp2_common/hardware_irq/irq.c.obj
                0x10000650                irq_set_mask_enabled
 .text.irq_set_enabled
                0x10000670        0xe CMakeFiles/main.dir/Users/jjulich/Documents/pico-sdk/src/rp2_common/hardware_irq/irq.c.obj
                0x10000670                irq_set_enabled
 *fill*         0x1000067e        0x2 
 .text.irq_set_pending
                0x10000680       0x10 CMakeFiles/main.dir/Users/jjulich/Documents/pico-sdk/src/rp2_common/hardware_irq/irq.c.obj
                0x10000680                irq_set_pending
 .text.irq_get_vtable_handler
                0x10000690       0x10 CMakeFiles/main.dir/Users/jjulich/Documents/pico-sdk/src/rp2_common/hardware_irq/irq.c.obj
                0x10000690                irq_get_vtable_handler
 .text.irq_has_shared_handler
                0x100006a0       0x24 CMakeFiles/main.dir/Users/jjulich/Documents/pico-sdk/src/rp2_common/hardware_irq/irq.c.obj
                0x100006a0                irq_has_shared_handler
 .text.irq_set_exclusive_handler
                0x100006c4       0x54 CMakeFiles/main.dir/Users/jjulich/Documents/pico-sdk/src/rp2_common/hardware_irq/irq.c.obj
                0x100006c4                irq_set_exclusive_handler
 .text.irq_add_shared_handler
                0x10000718      0x210 CMakeFiles/main.dir/Users/jjulich/Documents/pico-sdk/src/rp2_common/hardware_irq/irq.c.obj
                0x10000718                irq_add_shared_handler
 .text.irq_remove_handler
                0x10000928      0x188 CMakeFiles/main.dir/Users/jjulich/Documents/pico-sdk/src/rp2_common/hardware_irq/irq.c.obj
                0x10000928                irq_remove_handler
 .text.irq_add_tail_to_free_list
                0x10000ab0       0xf0 CMakeFiles/main.dir/Users/jjulich/Documents/pico-sdk/src/rp2_common/hardware_irq/irq.c.obj
                0x10000ab0                irq_add_tail_to_free_list
 .text.irq_init_priorities
                0x10000ba0       0x1c CMakeFiles/main.dir/Users/jjulich/Documents/pico-sdk/src/rp2_common/hardware_irq/irq.c.obj
                0x10000ba0                irq_init_priorities
 .text.user_irq_claim_unused
                0x10000bbc       0x2c CMakeFiles/main.dir/Users/jjulich/Documents/pico-sdk/src/rp2_common/hardware_irq/irq.c.obj
                0x10000bbc                user_irq_claim_unused
 .text.lock_init
                0x10000be8       0x10 CMakeFiles/main.dir/Users/jjulich/Documents/pico-sdk/src/common/pico_sync/lock_core.c.obj
                0x10000be8                lock_init
 .text.update_us_since_boot
                0x10000bf8       0x24 CMakeFiles/main.dir/Users/jjulich/Documents/pico-sdk/src/common/pico_sync/mutex.c.obj
 .text.delayed_by_ms
                0x10000c1c       0x44 CMakeFiles/main.dir/Users/jjulich/Documents/pico-sdk/src/common/pico_sync/mutex.c.obj
 .text.get_absolute_time
                0x10000c60       0x22 CMakeFiles/main.dir/Users/jjulich/Documents/pico-sdk/src/common/pico_sync/mutex.c.obj
 .text.make_timeout_time_ms
                0x10000c82       0x20 CMakeFiles/main.dir/Users/jjulich/Documents/pico-sdk/src/common/pico_sync/mutex.c.obj
 .text.mutex_init
                0x10000ca2       0x1a CMakeFiles/main.dir/Users/jjulich/Documents/pico-sdk/src/common/pico_sync/mutex.c.obj
                0x10000ca2                mutex_init
 .text.recursive_mutex_init
                0x10000cbc       0x1e CMakeFiles/main.dir/Users/jjulich/Documents/pico-sdk/src/common/pico_sync/mutex.c.obj
                0x10000cbc                recursive_mutex_init
 *fill*         0x10000cda        0x2 
 .text.critical_section_init_with_lock_num
                0x10000cdc       0x14 CMakeFiles/main.dir/Users/jjulich/Documents/pico-sdk/src/common/pico_sync/critical_section.c.obj
                0x10000cdc                critical_section_init_with_lock_num
 .text.critical_section_init
                0x10000cf0       0x14 CMakeFiles/main.dir/Users/jjulich/Documents/pico-sdk/src/common/pico_sync/critical_section.c.obj
                0x10000cf0                critical_section_init
 .text.time_reached
                0x10000d04       0x28 CMakeFiles/main.dir/Users/jjulich/Documents/pico-sdk/src/common/pico_time/time.c.obj
 .text.get_entry
                0x10000d2c       0x38 CMakeFiles/main.dir/Users/jjulich/Documents/pico-sdk/src/common/pico_time/time.c.obj
 .text.timer_pool_entry_comparator
                0x10000d64       0x2e CMakeFiles/main.dir/Users/jjulich/Documents/pico-sdk/src/common/pico_time/time.c.obj
                0x10000d64                timer_pool_entry_comparator
 *fill*         0x10000d92        0x2 
 .text.update_us_since_boot
                0x10000d94       0x24 CMakeFiles/main.dir/Users/jjulich/Documents/pico-sdk/src/common/pico_time/time.c.obj
 .text.delayed_by_us
                0x10000db8       0x34 CMakeFiles/main.dir/Users/jjulich/Documents/pico-sdk/src/common/pico_time/time.c.obj
 .text.ph_get_node
                0x10000dec       0x30 CMakeFiles/main.dir/Users/jjulich/Documents/pico-sdk/src/common/pico_time/time.c.obj
 .text.ph_contains_node
                0x10000e1c       0x1e CMakeFiles/main.dir/Users/jjulich/Documents/pico-sdk/src/common/pico_time/time.c.obj
 .text.ph_new_node
                0x10000e3a       0x28 CMakeFiles/main.dir/Users/jjulich/Documents/pico-sdk/src/common/pico_time/time.c.obj
 *fill*         0x10000e62        0x2 
 .text.ph_add_child_node
                0x10000e64       0x6c CMakeFiles/main.dir/Users/jjulich/Documents/pico-sdk/src/common/pico_time/time.c.obj
 .text.ph_merge_nodes
                0x10000ed0       0x3e CMakeFiles/main.dir/Users/jjulich/Documents/pico-sdk/src/common/pico_time/time.c.obj
 *fill*         0x10000f0e        0x2 
 .text.ph_insert_node
                0x10000f10       0x3c CMakeFiles/main.dir/Users/jjulich/Documents/pico-sdk/src/common/pico_time/time.c.obj
 .text.ph_free_node
                0x10000f4c       0x5c CMakeFiles/main.dir/Users/jjulich/Documents/pico-sdk/src/common/pico_time/time.c.obj
 .text.get_entry_id_high
                0x10000fa8       0x30 CMakeFiles/main.dir/Users/jjulich/Documents/pico-sdk/src/common/pico_time/time.c.obj
 .text.alarm_pool_post_alloc_init
                0x10000fd8       0x40 CMakeFiles/main.dir/Users/jjulich/Documents/pico-sdk/src/common/pico_time/time.c.obj
 .text.sleep_until_callback
                0x10001018       0x30 CMakeFiles/main.dir/Users/jjulich/Documents/pico-sdk/src/common/pico_time/time.c.obj
 .text.get_absolute_time
                0x10001048       0x22 CMakeFiles/main.dir/Users/jjulich/Documents/pico-sdk/src/common/pico_time/time.c.obj
 .text.make_timeout_time_us
                0x1000106a       0x24 CMakeFiles/main.dir/Users/jjulich/Documents/pico-sdk/src/common/pico_time/time.c.obj
 *fill*         0x1000108e        0x2 
 .text.add_alarm_under_lock
                0x10001090       0x94 CMakeFiles/main.dir/Users/jjulich/Documents/pico-sdk/src/common/pico_time/time.c.obj
 .text.alarm_pool_alarm_callback
                0x10001124      0x210 CMakeFiles/main.dir/Users/jjulich/Documents/pico-sdk/src/common/pico_time/time.c.obj
 .text.alarm_pool_init_default
                0x10001334       0x40 CMakeFiles/main.dir/Users/jjulich/Documents/pico-sdk/src/common/pico_time/time.c.obj
                0x10001334                alarm_pool_init_default
 .text.alarm_pool_get_default
                0x10001374       0x2c CMakeFiles/main.dir/Users/jjulich/Documents/pico-sdk/src/common/pico_time/time.c.obj
                0x10001374                alarm_pool_get_default
 .text.alarm_pool_add_alarm_at
                0x100013a0      0x10e CMakeFiles/main.dir/Users/jjulich/Documents/pico-sdk/src/common/pico_time/time.c.obj
                0x100013a0                alarm_pool_add_alarm_at
 .text.add_alarm_at
                0x100014ae       0x2e CMakeFiles/main.dir/Users/jjulich/Documents/pico-sdk/src/common/pico_time/time.c.obj
 .text.alarm_pool_cancel_alarm
                0x100014dc       0xa8 CMakeFiles/main.dir/Users/jjulich/Documents/pico-sdk/src/common/pico_time/time.c.obj
                0x100014dc                alarm_pool_cancel_alarm
 .text.cancel_alarm
                0x10001584       0x10 CMakeFiles/main.dir/Users/jjulich/Documents/pico-sdk/src/common/pico_time/time.c.obj
 .text.alarm_pool_core_num
                0x10001594        0x4 CMakeFiles/main.dir/Users/jjulich/Documents/pico-sdk/src/common/pico_time/time.c.obj
                0x10001594                alarm_pool_core_num
 .text.sleep_until
                0x10001598       0xb0 CMakeFiles/main.dir/Users/jjulich/Documents/pico-sdk/src/common/pico_time/time.c.obj
                0x10001598                sleep_until
 .text.sleep_us
                0x10001648       0x1a CMakeFiles/main.dir/Users/jjulich/Documents/pico-sdk/src/common/pico_time/time.c.obj
                0x10001648                sleep_us
 .text.sleep_ms
                0x10001662       0x14 CMakeFiles/main.dir/Users/jjulich/Documents/pico-sdk/src/common/pico_time/time.c.obj
                0x10001662                sleep_ms
 *fill*         0x10001676        0x2 
 .text.best_effort_wfe_or_timeout
                0x10001678       0x44 CMakeFiles/main.dir/Users/jjulich/Documents/pico-sdk/src/common/pico_time/time.c.obj
                0x10001678                best_effort_wfe_or_timeout
 .text.hardware_alarm_irq_handler
                0x100016bc       0x8c CMakeFiles/main.dir/Users/jjulich/Documents/pico-sdk/src/rp2_common/hardware_timer/timer.c.obj
 .text.hardware_alarm_claim
                0x10001748       0x18 CMakeFiles/main.dir/Users/jjulich/Documents/pico-sdk/src/rp2_common/hardware_timer/timer.c.obj
                0x10001748                hardware_alarm_claim
 .text.time_us_64
                0x10001760       0x18 CMakeFiles/main.dir/Users/jjulich/Documents/pico-sdk/src/rp2_common/hardware_timer/timer.c.obj
                0x10001760                time_us_64
 .text.busy_wait_until
                0x10001778       0x28 CMakeFiles/main.dir/Users/jjulich/Documents/pico-sdk/src/rp2_common/hardware_timer/timer.c.obj
                0x10001778                busy_wait_until
 .text.hardware_alarm_set_callback
                0x100017a0       0x90 CMakeFiles/main.dir/Users/jjulich/Documents/pico-sdk/src/rp2_common/hardware_timer/timer.c.obj
                0x100017a0                hardware_alarm_set_callback
 .text.hardware_alarm_set_target
                0x10001830       0xe8 CMakeFiles/main.dir/Users/jjulich/Documents/pico-sdk/src/rp2_common/hardware_timer/timer.c.obj
                0x10001830                hardware_alarm_set_target
 .text.hardware_alarm_cancel
                0x10001918       0x40 CMakeFiles/main.dir/Users/jjulich/Documents/pico-sdk/src/rp2_common/hardware_timer/timer.c.obj
                0x10001918                hardware_alarm_cancel
 .text.ph_get_node
                0x10001958       0x30 CMakeFiles/main.dir/Users/jjulich/Documents/pico-sdk/src/common/pico_util/pheap.c.obj
 .text.ph_add_child_node
                0x10001988       0x6c CMakeFiles/main.dir/Users/jjulich/Documents/pico-sdk/src/common/pico_util/pheap.c.obj
 .text.ph_merge_nodes
                0x100019f4       0x3e CMakeFiles/main.dir/Users/jjulich/Documents/pico-sdk/src/common/pico_util/pheap.c.obj
 .text.ph_clear
                0x10001a32       0x34 CMakeFiles/main.dir/Users/jjulich/Documents/pico-sdk/src/common/pico_util/pheap.c.obj
                0x10001a32                ph_clear
 .text.ph_post_alloc_init
                0x10001a66        0xe CMakeFiles/main.dir/Users/jjulich/Documents/pico-sdk/src/common/pico_util/pheap.c.obj
                0x10001a66                ph_post_alloc_init
 .text.ph_merge_two_pass
                0x10001a74       0x5c CMakeFiles/main.dir/Users/jjulich/Documents/pico-sdk/src/common/pico_util/pheap.c.obj
                0x10001a74                ph_merge_two_pass
 .text.ph_remove_any_head
                0x10001ad0       0xc0 CMakeFiles/main.dir/Users/jjulich/Documents/pico-sdk/src/common/pico_util/pheap.c.obj
 .text.ph_remove_head
                0x10001b90       0x14 CMakeFiles/main.dir/Users/jjulich/Documents/pico-sdk/src/common/pico_util/pheap.c.obj
                0x10001b90                ph_remove_head
 .text.ph_remove_and_free_node
                0x10001ba4       0xa0 CMakeFiles/main.dir/Users/jjulich/Documents/pico-sdk/src/common/pico_util/pheap.c.obj
                0x10001ba4                ph_remove_and_free_node
 .text.clock_configure
                0x10001c44      0x108 CMakeFiles/main.dir/Users/jjulich/Documents/pico-sdk/src/rp2_common/hardware_clocks/clocks.c.obj
                0x10001c44                clock_configure
 .text.clocks_init
                0x10001d4c      0x100 CMakeFiles/main.dir/Users/jjulich/Documents/pico-sdk/src/rp2_common/hardware_clocks/clocks.c.obj
                0x10001d4c                clocks_init
 .text.clock_get_hz
                0x10001e4c        0xc CMakeFiles/main.dir/Users/jjulich/Documents/pico-sdk/src/rp2_common/hardware_clocks/clocks.c.obj
                0x10001e4c                clock_get_hz
 .text.pll_init
                0x10001e58      0x120 CMakeFiles/main.dir/Users/jjulich/Documents/pico-sdk/src/rp2_common/hardware_pll/pll.c.obj
                0x10001e58                pll_init
 .text.watchdog_start_tick
                0x10001f78       0x10 CMakeFiles/main.dir/Users/jjulich/Documents/pico-sdk/src/rp2_common/hardware_watchdog/watchdog.c.obj
                0x10001f78                watchdog_start_tick
 .text.watchdog_update
                0x10001f88       0x14 CMakeFiles/main.dir/Users/jjulich/Documents/pico-sdk/src/rp2_common/hardware_watchdog/watchdog.c.obj
                0x10001f88                watchdog_update
 .text._watchdog_enable
                0x10001f9c       0x78 CMakeFiles/main.dir/Users/jjulich/Documents/pico-sdk/src/rp2_common/hardware_watchdog/watchdog.c.obj
                0x10001f9c                _watchdog_enable
 .text.watchdog_reboot
                0x10002014       0x48 CMakeFiles/main.dir/Users/jjulich/Documents/pico-sdk/src/rp2_common/hardware_watchdog/watchdog.c.obj
                0x10002014                watchdog_reboot
 .text.xosc_init
                0x1000205c       0x28 CMakeFiles/main.dir/Users/jjulich/Documents/pico-sdk/src/rp2_common/hardware_xosc/xosc.c.obj
                0x1000205c                xosc_init
 .text._exit    0x10002084        0x4 CMakeFiles/main.dir/Users/jjulich/Documents/pico-sdk/src/rp2_common/pico_runtime/runtime.c.obj
                0x10002084                _exit
 .text._sbrk    0x10002088       0x38 CMakeFiles/main.dir/Users/jjulich/Documents/pico-sdk/src/rp2_common/pico_runtime/runtime.c.obj
                0x10002088                _sbrk
 .text.exit     0x100020c0        0x6 CMakeFiles/main.dir/Users/jjulich/Documents/pico-sdk/src/rp2_common/pico_runtime/runtime.c.obj
                0x100020c0                exit
 *fill*         0x100020c6        0x2 
 .text.__assert_func
                0x100020c8       0x38 CMakeFiles/main.dir/Users/jjulich/Documents/pico-sdk/src/rp2_common/pico_runtime/runtime.c.obj
                0x100020c8                __assert_func
 .text.runtime_init
                0x10002100       0xf8 CMakeFiles/main.dir/Users/jjulich/Documents/pico-sdk/src/rp2_common/pico_runtime/runtime.c.obj
                0x10002100                runtime_init
 .text.panic    0x100021f8       0x30 CMakeFiles/main.dir/Users/jjulich/Documents/pico-sdk/src/rp2_common/pico_runtime/runtime.c.obj
                0x100021f8                panic
 .text._out_null
                0x10002228        0x2 CMakeFiles/main.dir/Users/jjulich/Documents/pico-sdk/src/rp2_common/pico_printf/printf.c.obj
 .text._out_fct
                0x1000222a        0xe CMakeFiles/main.dir/Users/jjulich/Documents/pico-sdk/src/rp2_common/pico_printf/printf.c.obj
 .text._atoi    0x10002238       0x24 CMakeFiles/main.dir/Users/jjulich/Documents/pico-sdk/src/rp2_common/pico_printf/printf.c.obj
 .text._out_rev
                0x1000225c       0xae CMakeFiles/main.dir/Users/jjulich/Documents/pico-sdk/src/rp2_common/pico_printf/printf.c.obj
 .text._ntoa_format
                0x1000230a      0x110 CMakeFiles/main.dir/Users/jjulich/Documents/pico-sdk/src/rp2_common/pico_printf/printf.c.obj
 .text._ntoa_long
                0x1000241a       0xbc CMakeFiles/main.dir/Users/jjulich/Documents/pico-sdk/src/rp2_common/pico_printf/printf.c.obj
 .text._ntoa_long_long
                0x100024d6      0x10e CMakeFiles/main.dir/Users/jjulich/Documents/pico-sdk/src/rp2_common/pico_printf/printf.c.obj
 .text._etoa    0x100025e4      0x420 CMakeFiles/main.dir/Users/jjulich/Documents/pico-sdk/src/rp2_common/pico_printf/printf.c.obj
 .text._ftoa    0x10002a04      0x354 CMakeFiles/main.dir/Users/jjulich/Documents/pico-sdk/src/rp2_common/pico_printf/printf.c.obj
 .text._vsnprintf
                0x10002d58      0x668 CMakeFiles/main.dir/Users/jjulich/Documents/pico-sdk/src/rp2_common/pico_printf/printf.c.obj
 .text.vfctprintf
                0x100033c0       0x20 CMakeFiles/main.dir/Users/jjulich/Documents/pico-sdk/src/rp2_common/pico_printf/printf.c.obj
                0x100033c0                vfctprintf
 .text          0x100033e0       0x10 CMakeFiles/main.dir/Users/jjulich/Documents/pico-sdk/src/rp2_common/pico_bit_ops/bit_ops_aeabi.S.obj
 .text.rom_func_lookup
                0x100033f0       0x10 CMakeFiles/main.dir/Users/jjulich/Documents/pico-sdk/src/rp2_common/pico_bootrom/bootrom.c.obj
                0x100033f0                rom_func_lookup
 .text.rom_data_lookup
                0x10003400       0x10 CMakeFiles/main.dir/Users/jjulich/Documents/pico-sdk/src/rp2_common/pico_bootrom/bootrom.c.obj
                0x10003400                rom_data_lookup
 .text.rom_funcs_lookup
                0x10003410       0x36 CMakeFiles/main.dir/Users/jjulich/Documents/pico-sdk/src/rp2_common/pico_bootrom/bootrom.c.obj
                0x10003410                rom_funcs_lookup
 *fill*         0x10003446        0x2 
 .text.__wrap___aeabi_idiv
                0x10003448       0x50 CMakeFiles/main.dir/Users/jjulich/Documents/pico-sdk/src/rp2_common/pico_divider/divider.S.obj
                0x10003448                __wrap___aeabi_idivmod
                0x10003448                divmod_s32s32
                0x10003448                div_s32s32
                0x10003448                __wrap___aeabi_idiv
                0x10003450                divmod_s32s32_unsafe
                0x1000347c                divmod_s32s32_savestate
 .text.__wrap___aeabi_uidiv
                0x10003498       0x4c CMakeFiles/main.dir/Users/jjulich/Documents/pico-sdk/src/rp2_common/pico_divider/divider.S.obj
                0x10003498                __wrap___aeabi_uidiv
                0x10003498                __wrap___aeabi_uidivmod
                0x10003498                div_u32u32
                0x10003498                divmod_u32u32
                0x100034a0                divmod_u32u32_unsafe
                0x100034c8                divmod_u32u32_savestate
 .text.__wrap___aeabi_ldiv
                0x100034e4      0x424 CMakeFiles/main.dir/Users/jjulich/Documents/pico-sdk/src/rp2_common/pico_divider/divider.S.obj
                0x100034e4                __wrap___aeabi_ldivmod
                0x100034e4                div_s64s64
                0x100034e4                divmod_s64s64
                0x10003514                divmod_u64u64
                0x10003514                div_u64u64
                0x10003514                __wrap___aeabi_uldivmod
                0x10003524                divmod_u64u64_savestate
                0x10003544                divmod_s64s64_unsafe
                0x100035cc                divmod_u64u64_unsafe
 .text.push_r8_r11
                0x10003908        0xc CMakeFiles/main.dir/Users/jjulich/Documents/pico-sdk/src/rp2_common/pico_double/double_aeabi.S.obj
                0x10003908                push_r8_r11
 .text.pop_r8_r11
                0x10003914        0xc CMakeFiles/main.dir/Users/jjulich/Documents/pico-sdk/src/rp2_common/pico_double/double_aeabi.S.obj
                0x10003914                pop_r8_r11
 .text.__wrap___aeabi_darithmetic
                0x10003920       0x80 CMakeFiles/main.dir/Users/jjulich/Documents/pico-sdk/src/rp2_common/pico_double/double_aeabi.S.obj
                0x10003920                __wrap___aeabi_drsub
                0x10003926                __wrap___aeabi_dsub
                0x10003938                __wrap___aeabi_dadd
                0x1000394a                __wrap___aeabi_ddiv
                0x10003986                __wrap___aeabi_dmul
 .text.__wrap___aeabi_cdcmple
                0x100039a0       0x6c CMakeFiles/main.dir/Users/jjulich/Documents/pico-sdk/src/rp2_common/pico_double/double_aeabi.S.obj
                0x100039a0                __wrap___aeabi_cdrcmple
                0x100039b0                __wrap___aeabi_cdcmple
                0x100039b0                __wrap___aeabi_cdcmpeq
 .text.__wrap___aeabi_dcmplt
                0x10003a0c        0xc CMakeFiles/main.dir/Users/jjulich/Documents/pico-sdk/src/rp2_common/pico_double/double_aeabi.S.obj
                0x10003a0c                __wrap___aeabi_dcmplt
 .text.__wrap___aeabi_dcmple
                0x10003a18       0x10 CMakeFiles/main.dir/Users/jjulich/Documents/pico-sdk/src/rp2_common/pico_double/double_aeabi.S.obj
                0x10003a18                __wrap___aeabi_dcmple
 .text.__wrap___aeabi_dcmpge
                0x10003a28       0x10 CMakeFiles/main.dir/Users/jjulich/Documents/pico-sdk/src/rp2_common/pico_double/double_aeabi.S.obj
                0x10003a28                __wrap___aeabi_dcmpge
 .text.__wrap___aeabi_dcmpgt
                0x10003a38        0xa CMakeFiles/main.dir/Users/jjulich/Documents/pico-sdk/src/rp2_common/pico_double/double_aeabi.S.obj
                0x10003a38                __wrap___aeabi_dcmpgt
 .text.__wrap___aeabi_dcmpun
                0x10003a42       0x1c CMakeFiles/main.dir/Users/jjulich/Documents/pico-sdk/src/rp2_common/pico_double/double_aeabi.S.obj
                0x10003a42                __wrap___aeabi_dcmpun
 *fill*         0x10003a5e        0x2 
 .text.__wrap___aeabi_i2d
                0x10003a60       0x38 CMakeFiles/main.dir/Users/jjulich/Documents/pico-sdk/src/rp2_common/pico_double/double_aeabi.S.obj
                0x10003a60                __wrap___aeabi_ui2d
                0x10003a68                __wrap___aeabi_i2d
 .text.__wrap___aeabi_d2iz
                0x10003a98       0x48 CMakeFiles/main.dir/Users/jjulich/Documents/pico-sdk/src/rp2_common/pico_double/double_aeabi.S.obj
                0x10003a98                __wrap___aeabi_d2iz
                0x10003a98                double2int_z
 .text.__wrap___aeabi_d2uiz
                0x10003ae0       0x18 CMakeFiles/main.dir/Users/jjulich/Documents/pico-sdk/src/rp2_common/pico_double/double_aeabi.S.obj
                0x10003ae0                double2uint
                0x10003ae0                __wrap___aeabi_d2uiz
 .text.fix642double
                0x10003af8       0x18 CMakeFiles/main.dir/Users/jjulich/Documents/pico-sdk/src/rp2_common/pico_double/double_aeabi.S.obj
                0x10003af8                fix642double
 .text.__wrap___aeabi_d2f
                0x10003b10       0x18 CMakeFiles/main.dir/Users/jjulich/Documents/pico-sdk/src/rp2_common/pico_double/double_aeabi.S.obj
                0x10003b10                __wrap___aeabi_d2f
 .text.__wrap_sincostan_remainder
                0x10003b28       0x14 CMakeFiles/main.dir/Users/jjulich/Documents/pico-sdk/src/rp2_common/pico_double/double_aeabi.S.obj
                0x10003b28                sincostan_remainder
 .text.__wrap_cos
                0x10003b3c       0x2c CMakeFiles/main.dir/Users/jjulich/Documents/pico-sdk/src/rp2_common/pico_double/double_aeabi.S.obj
                0x10003b3c                __wrap_cos
 .text.__wrap_sin
                0x10003b68       0x2c CMakeFiles/main.dir/Users/jjulich/Documents/pico-sdk/src/rp2_common/pico_double/double_aeabi.S.obj
                0x10003b68                __wrap_sin
 .text.__aeabi_double_init
                0x10003b94       0xcc CMakeFiles/main.dir/Users/jjulich/Documents/pico-sdk/src/rp2_common/pico_double/double_init_rom.c.obj
                0x10003b94                __aeabi_double_init
 .text.drem_0   0x10003c60      0x122 CMakeFiles/main.dir/Users/jjulich/Documents/pico-sdk/src/rp2_common/pico_double/double_math.c.obj
 *fill*         0x10003d82        0x2 
 .text.__wrap_remquo
                0x10003d84      0x164 CMakeFiles/main.dir/Users/jjulich/Documents/pico-sdk/src/rp2_common/pico_double/double_math.c.obj
                0x10003d84                __wrap_remquo
 .text.__wrap_remainder
                0x10003ee8       0x10 CMakeFiles/main.dir/Users/jjulich/Documents/pico-sdk/src/rp2_common/pico_double/double_math.c.obj
                0x10003ee8                __wrap_remainder
 .text.double_table_shim_on_use_helper
                0x10003ef8       0x34 CMakeFiles/main.dir/Users/jjulich/Documents/pico-sdk/src/rp2_common/pico_double/double_v1_rom_shim.S.obj
                0x10003ef8                double_table_shim_on_use_helper
 .text.__wrap___aeabi_dsub
                0x10003f2c       0x10 CMakeFiles/main.dir/Users/jjulich/Documents/pico-sdk/src/rp2_common/pico_double/double_v1_rom_shim.S.obj
                0x10003f2c                drsub_shim
                0x10003f32                dsub_shim
 .text.dadd_shim
                0x10003f3c      0x15c CMakeFiles/main.dir/Users/jjulich/Documents/pico-sdk/src/rp2_common/pico_double/double_v1_rom_shim.S.obj
                0x10003f3c                dadd_shim
 .text.dmul_shim
                0x10004098      0x15c CMakeFiles/main.dir/Users/jjulich/Documents/pico-sdk/src/rp2_common/pico_double/double_v1_rom_shim.S.obj
                0x10004098                dmul_shim
 .text.ddiv_shim
                0x100041f4      0x1b0 CMakeFiles/main.dir/Users/jjulich/Documents/pico-sdk/src/rp2_common/pico_double/double_v1_rom_shim.S.obj
                0x100041f4                ddiv_shim
 .text.dcordic_vec_step
                0x100043a4        0xe CMakeFiles/main.dir/Users/jjulich/Documents/pico-sdk/src/rp2_common/pico_double/double_v1_rom_shim.S.obj
                0x100043a4                dcordic_vec_step
 .text.dcordic_rot_step
                0x100043b2       0x76 CMakeFiles/main.dir/Users/jjulich/Documents/pico-sdk/src/rp2_common/pico_double/double_v1_rom_shim.S.obj
                0x100043b2                dcordic_rot_step
 .text.double2uint_shim
                0x10004428        0xe CMakeFiles/main.dir/Users/jjulich/Documents/pico-sdk/src/rp2_common/pico_double/double_v1_rom_shim.S.obj
                0x10004428                double2uint_shim
                0x1000442a                double2ufix_shim
 .text.double2int64_shim
                0x10004436       0x1a CMakeFiles/main.dir/Users/jjulich/Documents/pico-sdk/src/rp2_common/pico_double/double_v1_rom_shim.S.obj
                0x10004436                double2int64_shim
                0x10004438                double2fix64_shim
 .text.double2uint64_shim
                0x10004450       0x70 CMakeFiles/main.dir/Users/jjulich/Documents/pico-sdk/src/rp2_common/pico_double/double_v1_rom_shim.S.obj
                0x10004450                double2uint64_shim
                0x10004452                double2ufix64_shim
                0x10004472                d2fix_a
 .text.double2float_shim
                0x100044c0       0x5c CMakeFiles/main.dir/Users/jjulich/Documents/pico-sdk/src/rp2_common/pico_double/double_v1_rom_shim.S.obj
                0x100044c0                double2float_shim
 .text.x2double_shims
                0x1000451c       0x90 CMakeFiles/main.dir/Users/jjulich/Documents/pico-sdk/src/rp2_common/pico_double/double_v1_rom_shim.S.obj
                0x1000451c                uint2double_shim
                0x1000451e                ufix2double_shim
                0x10004524                int2double_shim
                0x10004526                fix2double_shim
                0x1000452c                uint642double_shim
                0x1000452e                ufix642double_shim
                0x10004534                int642double_shim
                0x10004536                fix642double_shim
 .text.dunpacks
                0x100045ac       0x3c CMakeFiles/main.dir/Users/jjulich/Documents/pico-sdk/src/rp2_common/pico_double/double_v1_rom_shim.S.obj
                0x100045ac                dunpacks
 .text.dreduce  0x100045e8       0x82 CMakeFiles/main.dir/Users/jjulich/Documents/pico-sdk/src/rp2_common/pico_double/double_v1_rom_shim.S.obj
                0x100045e8                dreduce
 .text.dcos_shim
                0x1000466a       0x10 CMakeFiles/main.dir/Users/jjulich/Documents/pico-sdk/src/rp2_common/pico_double/double_v1_rom_shim.S.obj
                0x1000466a                dcos_shim
 .text.dsin_shim
                0x1000467a       0x14 CMakeFiles/main.dir/Users/jjulich/Documents/pico-sdk/src/rp2_common/pico_double/double_v1_rom_shim.S.obj
                0x1000467a                dsin_shim
 *fill*         0x1000468e        0x2 
 .text.dtrig_guts
                0x10004690      0x2ec CMakeFiles/main.dir/Users/jjulich/Documents/pico-sdk/src/rp2_common/pico_double/double_v1_rom_shim.S.obj
                0x10004768                datan2_shim
 .text.__aeabi_lmul
                0x1000497c       0x32 CMakeFiles/main.dir/Users/jjulich/Documents/pico-sdk/src/rp2_common/pico_int64_ops/pico_int64_ops_aeabi.S.obj
                0x1000497c                __wrap___aeabi_lmul
 *fill*         0x100049ae        0x2 
 .text.__wrap___aeabi_farithmetic
                0x100049b0       0x58 CMakeFiles/main.dir/Users/jjulich/Documents/pico-sdk/src/rp2_common/pico_float/float_aeabi.S.obj
                0x100049b0                __wrap___aeabi_frsub
                0x100049b6                __wrap___aeabi_fsub
                0x100049c0                __wrap___aeabi_fadd
                0x100049ca                __wrap___aeabi_fdiv
                0x100049f6                __wrap___aeabi_fmul
 .text.__wrap___aeabi_cfcmple
                0x10004a08       0x50 CMakeFiles/main.dir/Users/jjulich/Documents/pico-sdk/src/rp2_common/pico_float/float_aeabi.S.obj
                0x10004a08                __wrap___aeabi_cfrcmple
                0x10004a14                __wrap___aeabi_cfcmpeq
                0x10004a14                __wrap___aeabi_cfcmple
 .text.__wrap___aeabi_fcmplt
                0x10004a58        0xc CMakeFiles/main.dir/Users/jjulich/Documents/pico-sdk/src/rp2_common/pico_float/float_aeabi.S.obj
                0x10004a58                __wrap___aeabi_fcmplt
 .text.__wrap___aeabi_i2f
                0x10004a64       0x44 CMakeFiles/main.dir/Users/jjulich/Documents/pico-sdk/src/rp2_common/pico_float/float_aeabi.S.obj
                0x10004a64                __wrap___aeabi_i2f
 .text.__wrap___aeabi_f2d
                0x10004aa8       0x14 CMakeFiles/main.dir/Users/jjulich/Documents/pico-sdk/src/rp2_common/pico_float/float_aeabi.S.obj
                0x10004aa8                __wrap___aeabi_f2d
 .text.__aeabi_float_init
                0x10004abc       0xfc CMakeFiles/main.dir/Users/jjulich/Documents/pico-sdk/src/rp2_common/pico_float/float_init_rom.c.obj
                0x10004abc                __aeabi_float_init
 .text.float_table_shim_on_use_helper
                0x10004bb8       0x34 CMakeFiles/main.dir/Users/jjulich/Documents/pico-sdk/src/rp2_common/pico_float/float_v1_rom_shim.S.obj
                0x10004bb8                float_table_shim_on_use_helper
 .text.float2double_shim
                0x10004bec       0x30 CMakeFiles/main.dir/Users/jjulich/Documents/pico-sdk/src/rp2_common/pico_float/float_v1_rom_shim.S.obj
                0x10004bec                float2double_shim
 .text.check_alloc
                0x10004c1c       0x20 CMakeFiles/main.dir/Users/jjulich/Documents/pico-sdk/src/rp2_common/pico_malloc/pico_malloc.c.obj
 .text.__wrap_malloc
                0x10004c3c       0x14 CMakeFiles/main.dir/Users/jjulich/Documents/pico-sdk/src/rp2_common/pico_malloc/pico_malloc.c.obj
                0x10004c3c                __wrap_malloc
 .text          0x10004c50       0x10 CMakeFiles/main.dir/Users/jjulich/Documents/pico-sdk/src/rp2_common/pico_mem_ops/mem_ops_aeabi.S.obj
                0x10004c50                __aeabi_mem_init
 .text.memset   0x10004c60        0xc CMakeFiles/main.dir/Users/jjulich/Documents/pico-sdk/src/rp2_common/pico_mem_ops/mem_ops_aeabi.S.obj
                0x10004c60                __wrap_memset
 .text.memcpy   0x10004c6c        0xc CMakeFiles/main.dir/Users/jjulich/Documents/pico-sdk/src/rp2_common/pico_mem_ops/mem_ops_aeabi.S.obj
                0x10004c6c                __wrap___aeabi_memcpy
                0x10004c6c                __wrap_memcpy
 .text.stdio_out_chars_no_crlf
                0x10004c78        0xe CMakeFiles/main.dir/Users/jjulich/Documents/pico-sdk/src/rp2_common/pico_stdio/stdio.c.obj
 *fill*         0x10004c86        0x2 
 .text.stdio_out_chars_crlf
                0x10004c88       0x80 CMakeFiles/main.dir/Users/jjulich/Documents/pico-sdk/src/rp2_common/pico_stdio/stdio.c.obj
 .text.stdio_stack_buffer_flush
                0x10004d08       0x44 CMakeFiles/main.dir/Users/jjulich/Documents/pico-sdk/src/rp2_common/pico_stdio/stdio.c.obj
 .text.stdio_buffered_printer
                0x10004d4c       0x20 CMakeFiles/main.dir/Users/jjulich/Documents/pico-sdk/src/rp2_common/pico_stdio/stdio.c.obj
 .text.update_us_since_boot
                0x10004d6c       0x24 CMakeFiles/main.dir/Users/jjulich/Documents/pico-sdk/src/rp2_common/pico_stdio/stdio.c.obj
 .text.get_absolute_time
                0x10004d90       0x22 CMakeFiles/main.dir/Users/jjulich/Documents/pico-sdk/src/rp2_common/pico_stdio/stdio.c.obj
 *fill*         0x10004db2        0x2 
 .text.delayed_by_ms
                0x10004db4       0x44 CMakeFiles/main.dir/Users/jjulich/Documents/pico-sdk/src/rp2_common/pico_stdio/stdio.c.obj
 .text.make_timeout_time_ms
                0x10004df8       0x20 CMakeFiles/main.dir/Users/jjulich/Documents/pico-sdk/src/rp2_common/pico_stdio/stdio.c.obj
 .text.stdout_serialize_begin
                0x10004e18       0x20 CMakeFiles/main.dir/Users/jjulich/Documents/pico-sdk/src/rp2_common/pico_stdio/stdio.c.obj
                0x10004e18                stdout_serialize_begin
 .text.stdout_serialize_end
                0x10004e38       0x10 CMakeFiles/main.dir/Users/jjulich/Documents/pico-sdk/src/rp2_common/pico_stdio/stdio.c.obj
                0x10004e38                stdout_serialize_end
 .text.stdio_put_string
                0x10004e48       0x98 CMakeFiles/main.dir/Users/jjulich/Documents/pico-sdk/src/rp2_common/pico_stdio/stdio.c.obj
 .text.stdio_set_driver_enabled
                0x10004ee0       0x2c CMakeFiles/main.dir/Users/jjulich/Documents/pico-sdk/src/rp2_common/pico_stdio/stdio.c.obj
                0x10004ee0                stdio_set_driver_enabled
 .text.stdio_flush
                0x10004f0c       0x20 CMakeFiles/main.dir/Users/jjulich/Documents/pico-sdk/src/rp2_common/pico_stdio/stdio.c.obj
                0x10004f0c                stdio_flush
 .text.__wrap_puts
                0x10004f2c       0x1e CMakeFiles/main.dir/Users/jjulich/Documents/pico-sdk/src/rp2_common/pico_stdio/stdio.c.obj
                0x10004f2c                __wrap_puts
 *fill*         0x10004f4a        0x2 
 .text.__wrap_vprintf
                0x10004f4c       0x40 CMakeFiles/main.dir/Users/jjulich/Documents/pico-sdk/src/rp2_common/pico_stdio/stdio.c.obj
                0x10004f4c                __wrap_vprintf
 .text.__wrap_printf
                0x10004f8c       0x18 CMakeFiles/main.dir/Users/jjulich/Documents/pico-sdk/src/rp2_common/pico_stdio/stdio.c.obj
                0x10004f8c                __wrap_printf
 .text.stdio_init_all
                0x10004fa4        0x8 CMakeFiles/main.dir/Users/jjulich/Documents/pico-sdk/src/rp2_common/pico_stdio/stdio.c.obj
                0x10004fa4                stdio_init_all
 .text.resetd_init
                0x10004fac        0x2 CMakeFiles/main.dir/Users/jjulich/Documents/pico-sdk/src/rp2_common/pico_stdio_usb/reset_interface.c.obj
 *fill*         0x10004fae        0x2 
 .text.resetd_reset
                0x10004fb0        0xc CMakeFiles/main.dir/Users/jjulich/Documents/pico-sdk/src/rp2_common/pico_stdio_usb/reset_interface.c.obj
 .text.resetd_open
                0x10004fbc       0x34 CMakeFiles/main.dir/Users/jjulich/Documents/pico-sdk/src/rp2_common/pico_stdio_usb/reset_interface.c.obj
 .text.resetd_xfer_cb
                0x10004ff0        0x4 CMakeFiles/main.dir/Users/jjulich/Documents/pico-sdk/src/rp2_common/pico_stdio_usb/reset_interface.c.obj
 .text.reset_usb_boot
                0x10004ff4       0x18 CMakeFiles/main.dir/Users/jjulich/Documents/pico-sdk/src/rp2_common/pico_stdio_usb/reset_interface.c.obj
 .text.resetd_control_xfer_cb
                0x1000500c       0x5c CMakeFiles/main.dir/Users/jjulich/Documents/pico-sdk/src/rp2_common/pico_stdio_usb/reset_interface.c.obj
 .text.usbd_app_driver_get_cb
                0x10005068        0xc CMakeFiles/main.dir/Users/jjulich/Documents/pico-sdk/src/rp2_common/pico_stdio_usb/reset_interface.c.obj
                0x10005068                usbd_app_driver_get_cb
 .text.tud_cdc_line_coding_cb
                0x10005074       0x28 CMakeFiles/main.dir/Users/jjulich/Documents/pico-sdk/src/rp2_common/pico_stdio_usb/reset_interface.c.obj
                0x10005074                tud_cdc_line_coding_cb
 .text.stdio_usb_set_chars_available_callback
                0x1000509c       0x14 CMakeFiles/main.dir/Users/jjulich/Documents/pico-sdk/src/rp2_common/pico_stdio_usb/stdio_usb.c.obj
                0x1000509c                stdio_usb_set_chars_available_callback
 .text.update_us_since_boot
                0x100050b0       0x24 CMakeFiles/main.dir/Users/jjulich/Documents/pico-sdk/src/rp2_common/pico_stdio_usb/stdio_usb.c.obj
 .text.get_absolute_time
                0x100050d4       0x22 CMakeFiles/main.dir/Users/jjulich/Documents/pico-sdk/src/rp2_common/pico_stdio_usb/stdio_usb.c.obj
 *fill*         0x100050f6        0x2 
 .text.delayed_by_ms
                0x100050f8       0x44 CMakeFiles/main.dir/Users/jjulich/Documents/pico-sdk/src/rp2_common/pico_stdio_usb/stdio_usb.c.obj
 .text.make_timeout_time_ms
                0x1000513c       0x20 CMakeFiles/main.dir/Users/jjulich/Documents/pico-sdk/src/rp2_common/pico_stdio_usb/stdio_usb.c.obj
 .text.delayed_by_us
                0x1000515c       0x34 CMakeFiles/main.dir/Users/jjulich/Documents/pico-sdk/src/rp2_common/pico_stdio_usb/stdio_usb.c.obj
 .text.usb_irq  0x10005190       0x10 CMakeFiles/main.dir/Users/jjulich/Documents/pico-sdk/src/rp2_common/pico_stdio_usb/stdio_usb.c.obj
 .text.critical_section_enter_blocking
                0x100051a0       0x16 CMakeFiles/main.dir/Users/jjulich/Documents/pico-sdk/src/rp2_common/pico_stdio_usb/stdio_usb.c.obj
 *fill*         0x100051b6        0x2 
 .text.timer_task
                0x100051b8       0x4c CMakeFiles/main.dir/Users/jjulich/Documents/pico-sdk/src/rp2_common/pico_stdio_usb/stdio_usb.c.obj
 .text.alarm_pool_add_alarm_in_us
                0x10005204       0x3a CMakeFiles/main.dir/Users/jjulich/Documents/pico-sdk/src/rp2_common/pico_stdio_usb/stdio_usb.c.obj
 .text.add_alarm_in_us
                0x1000523e       0x2e CMakeFiles/main.dir/Users/jjulich/Documents/pico-sdk/src/rp2_common/pico_stdio_usb/stdio_usb.c.obj
 .text.low_priority_worker_irq
                0x1000526c       0x7c CMakeFiles/main.dir/Users/jjulich/Documents/pico-sdk/src/rp2_common/pico_stdio_usb/stdio_usb.c.obj
 .text.tud_cdc_rx_cb
                0x100052e8       0x20 CMakeFiles/main.dir/Users/jjulich/Documents/pico-sdk/src/rp2_common/pico_stdio_usb/stdio_usb.c.obj
                0x100052e8                tud_cdc_rx_cb
 .text.stdio_usb_init
                0x10005308       0xd0 CMakeFiles/main.dir/Users/jjulich/Documents/pico-sdk/src/rp2_common/pico_stdio_usb/stdio_usb.c.obj
                0x10005308                stdio_usb_init
 .text.stdio_usb_connected
                0x100053d8        0xa CMakeFiles/main.dir/Users/jjulich/Documents/pico-sdk/src/rp2_common/pico_stdio_usb/stdio_usb.c.obj
                0x100053d8                stdio_usb_connected
 *fill*         0x100053e2        0x2 
 .text.stdio_usb_in_chars
                0x100053e4       0x88 CMakeFiles/main.dir/Users/jjulich/Documents/pico-sdk/src/rp2_common/pico_stdio_usb/stdio_usb.c.obj
                0x100053e4                stdio_usb_in_chars
 .text.stdio_usb_out_chars
                0x1000546c       0xd8 CMakeFiles/main.dir/Users/jjulich/Documents/pico-sdk/src/rp2_common/pico_stdio_usb/stdio_usb.c.obj
 .text.tud_descriptor_device_cb
                0x10005544        0x8 CMakeFiles/main.dir/Users/jjulich/Documents/pico-sdk/src/rp2_common/pico_stdio_usb/stdio_usb_descriptors.c.obj
                0x10005544                tud_descriptor_device_cb
 .text.tud_descriptor_configuration_cb
                0x1000554c        0x8 CMakeFiles/main.dir/Users/jjulich/Documents/pico-sdk/src/rp2_common/pico_stdio_usb/stdio_usb_descriptors.c.obj
                0x1000554c                tud_descriptor_configuration_cb
 .text.tud_descriptor_string_cb
                0x10005554       0x6c CMakeFiles/main.dir/Users/jjulich/Documents/pico-sdk/src/rp2_common/pico_stdio_usb/stdio_usb_descriptors.c.obj
                0x10005554                tud_descriptor_string_cb
 .text._retrieve_unique_id_on_boot
                0x100055c0       0x10 CMakeFiles/main.dir/Users/jjulich/Documents/pico-sdk/src/rp2_common/pico_unique_id/unique_id.c.obj
 .text.pico_get_unique_board_id_string
                0x100055d0       0x5c CMakeFiles/main.dir/Users/jjulich/Documents/pico-sdk/src/rp2_common/pico_unique_id/unique_id.c.obj
                0x100055d0                pico_get_unique_board_id_string
 .text.flash_get_unique_id
                0x1000562c       0x40 CMakeFiles/main.dir/Users/jjulich/Documents/pico-sdk/src/rp2_common/hardware_flash/flash.c.obj
                0x1000562c                flash_get_unique_id
 .text.hw_endpoint_get_by_addr
                0x1000566c       0x18 CMakeFiles/main.dir/Users/jjulich/Documents/pico-sdk/lib/tinyusb/src/portable/raspberrypi/rp2040/dcd_rp2040.c.obj
 .text._hw_endpoint_alloc
                0x10005684       0x70 CMakeFiles/main.dir/Users/jjulich/Documents/pico-sdk/lib/tinyusb/src/portable/raspberrypi/rp2040/dcd_rp2040.c.obj
 .text.hw_endpoint_init
                0x100056f4       0x88 CMakeFiles/main.dir/Users/jjulich/Documents/pico-sdk/lib/tinyusb/src/portable/raspberrypi/rp2040/dcd_rp2040.c.obj
 .text.dcd_event_sof
                0x1000577c       0x2c CMakeFiles/main.dir/Users/jjulich/Documents/pico-sdk/lib/tinyusb/src/portable/raspberrypi/rp2040/dcd_rp2040.c.obj
 .text.hw_endpoint_xfer
                0x100057a8       0x14 CMakeFiles/main.dir/Users/jjulich/Documents/pico-sdk/lib/tinyusb/src/portable/raspberrypi/rp2040/dcd_rp2040.c.obj
 .text.dcd_int_enable
                0x100057bc       0x2c CMakeFiles/main.dir/Users/jjulich/Documents/pico-sdk/lib/tinyusb/src/portable/raspberrypi/rp2040/dcd_rp2040.c.obj
                0x100057bc                dcd_int_enable
 .text.dcd_set_address
                0x100057e8       0x2c CMakeFiles/main.dir/Users/jjulich/Documents/pico-sdk/lib/tinyusb/src/portable/raspberrypi/rp2040/dcd_rp2040.c.obj
                0x100057e8                dcd_set_address
 .text.dcd_connect
                0x10005814       0x10 CMakeFiles/main.dir/Users/jjulich/Documents/pico-sdk/lib/tinyusb/src/portable/raspberrypi/rp2040/dcd_rp2040.c.obj
                0x10005814                dcd_connect
 .text.dcd_init
                0x10005824       0x80 CMakeFiles/main.dir/Users/jjulich/Documents/pico-sdk/lib/tinyusb/src/portable/raspberrypi/rp2040/dcd_rp2040.c.obj
                0x10005824                dcd_init
 .text.dcd_edpt0_status_complete
                0x100058a4       0x1c CMakeFiles/main.dir/Users/jjulich/Documents/pico-sdk/lib/tinyusb/src/portable/raspberrypi/rp2040/dcd_rp2040.c.obj
                0x100058a4                dcd_edpt0_status_complete
 .text.dcd_edpt_open
                0x100058c0       0x40 CMakeFiles/main.dir/Users/jjulich/Documents/pico-sdk/lib/tinyusb/src/portable/raspberrypi/rp2040/dcd_rp2040.c.obj
                0x100058c0                dcd_edpt_open
 .text.dcd_edpt_close_all
                0x10005900        0x8 CMakeFiles/main.dir/Users/jjulich/Documents/pico-sdk/lib/tinyusb/src/portable/raspberrypi/rp2040/dcd_rp2040.c.obj
                0x10005900                dcd_edpt_close_all
 .text.dcd_edpt_xfer
                0x10005908       0x34 CMakeFiles/main.dir/Users/jjulich/Documents/pico-sdk/lib/tinyusb/src/portable/raspberrypi/rp2040/dcd_rp2040.c.obj
                0x10005908                dcd_edpt_xfer
 .text.dcd_edpt_stall
                0x1000593c       0x2c CMakeFiles/main.dir/Users/jjulich/Documents/pico-sdk/lib/tinyusb/src/portable/raspberrypi/rp2040/dcd_rp2040.c.obj
                0x1000593c                dcd_edpt_stall
 .text.dcd_edpt_clear_stall
                0x10005968       0x20 CMakeFiles/main.dir/Users/jjulich/Documents/pico-sdk/lib/tinyusb/src/portable/raspberrypi/rp2040/dcd_rp2040.c.obj
                0x10005968                dcd_edpt_clear_stall
 .text.rp2040_usb_init
                0x10005988       0x4c CMakeFiles/main.dir/Users/jjulich/Documents/pico-sdk/lib/tinyusb/src/portable/raspberrypi/rp2040/rp2040_usb.c.obj
                0x10005988                rp2040_usb_init
 .text.hw_endpoint_xfer_start
                0x100059d4       0x50 CMakeFiles/main.dir/Users/jjulich/Documents/pico-sdk/lib/tinyusb/src/portable/raspberrypi/rp2040/rp2040_usb.c.obj
                0x100059d4                hw_endpoint_xfer_start
 .text.configuration_reset
                0x10005a24       0x84 CMakeFiles/main.dir/Users/jjulich/Documents/pico-sdk/lib/tinyusb/src/device/usbd.c.obj
 .text.critical_section_enter_blocking
                0x10005aa8       0x16 CMakeFiles/main.dir/Users/jjulich/Documents/pico-sdk/lib/tinyusb/src/device/usbd.c.obj
 .text.usbd_reset
                0x10005abe        0xc CMakeFiles/main.dir/Users/jjulich/Documents/pico-sdk/lib/tinyusb/src/device/usbd.c.obj
 .text.invoke_class_control
                0x10005aca       0x1a CMakeFiles/main.dir/Users/jjulich/Documents/pico-sdk/lib/tinyusb/src/device/usbd.c.obj
 .text.process_set_config
                0x10005ae4      0x178 CMakeFiles/main.dir/Users/jjulich/Documents/pico-sdk/lib/tinyusb/src/device/usbd.c.obj
 .text.process_get_descriptor
                0x10005c5c       0xdc CMakeFiles/main.dir/Users/jjulich/Documents/pico-sdk/lib/tinyusb/src/device/usbd.c.obj
 .text.tud_mounted
                0x10005d38       0x10 CMakeFiles/main.dir/Users/jjulich/Documents/pico-sdk/lib/tinyusb/src/device/usbd.c.obj
                0x10005d38                tud_mounted
 .text.tud_suspended
                0x10005d48       0x10 CMakeFiles/main.dir/Users/jjulich/Documents/pico-sdk/lib/tinyusb/src/device/usbd.c.obj
                0x10005d48                tud_suspended
 .text.tud_inited
                0x10005d58       0x14 CMakeFiles/main.dir/Users/jjulich/Documents/pico-sdk/lib/tinyusb/src/device/usbd.c.obj
                0x10005d58                tud_inited
 .text.tud_init
                0x10005d6c       0xcc CMakeFiles/main.dir/Users/jjulich/Documents/pico-sdk/lib/tinyusb/src/device/usbd.c.obj
                0x10005d6c                tud_init
 .text.usbd_defer_func
                0x10005e38       0x2a CMakeFiles/main.dir/Users/jjulich/Documents/pico-sdk/lib/tinyusb/src/device/usbd.c.obj
                0x10005e38                usbd_defer_func
 *fill*         0x10005e62        0x2 
 .text.usbd_edpt_open
                0x10005e64       0x34 CMakeFiles/main.dir/Users/jjulich/Documents/pico-sdk/lib/tinyusb/src/device/usbd.c.obj
                0x10005e64                usbd_edpt_open
 .text.usbd_open_edpt_pair
                0x10005e98       0x62 CMakeFiles/main.dir/Users/jjulich/Documents/pico-sdk/lib/tinyusb/src/device/usbd.c.obj
                0x10005e98                usbd_open_edpt_pair
 *fill*         0x10005efa        0x2 
 .text.usbd_edpt_claim
                0x10005efc       0x28 CMakeFiles/main.dir/Users/jjulich/Documents/pico-sdk/lib/tinyusb/src/device/usbd.c.obj
                0x10005efc                usbd_edpt_claim
 .text.usbd_edpt_release
                0x10005f24       0x28 CMakeFiles/main.dir/Users/jjulich/Documents/pico-sdk/lib/tinyusb/src/device/usbd.c.obj
                0x10005f24                usbd_edpt_release
 .text.usbd_edpt_xfer
                0x10005f4c       0x78 CMakeFiles/main.dir/Users/jjulich/Documents/pico-sdk/lib/tinyusb/src/device/usbd.c.obj
                0x10005f4c                usbd_edpt_xfer
 .text.usbd_edpt_stall
                0x10005fc4       0x48 CMakeFiles/main.dir/Users/jjulich/Documents/pico-sdk/lib/tinyusb/src/device/usbd.c.obj
                0x10005fc4                usbd_edpt_stall
 .text.usbd_edpt_clear_stall
                0x1000600c       0x48 CMakeFiles/main.dir/Users/jjulich/Documents/pico-sdk/lib/tinyusb/src/device/usbd.c.obj
                0x1000600c                usbd_edpt_clear_stall
 .text.usbd_edpt_stalled
                0x10006054       0x1c CMakeFiles/main.dir/Users/jjulich/Documents/pico-sdk/lib/tinyusb/src/device/usbd.c.obj
                0x10006054                usbd_edpt_stalled
 .text.process_control_request
                0x10006070      0x374 CMakeFiles/main.dir/Users/jjulich/Documents/pico-sdk/lib/tinyusb/src/device/usbd.c.obj
 .text.tud_task_ext
                0x100063e4      0x1a8 CMakeFiles/main.dir/Users/jjulich/Documents/pico-sdk/lib/tinyusb/src/device/usbd.c.obj
                0x100063e4                tud_task_ext
 .text._status_stage_xact
                0x1000658c       0x1a CMakeFiles/main.dir/Users/jjulich/Documents/pico-sdk/lib/tinyusb/src/device/usbd_control.c.obj
 *fill*         0x100065a6        0x2 
 .text._data_stage_xact
                0x100065a8       0x58 CMakeFiles/main.dir/Users/jjulich/Documents/pico-sdk/lib/tinyusb/src/device/usbd_control.c.obj
 .text.tud_control_status
                0x10006600       0x28 CMakeFiles/main.dir/Users/jjulich/Documents/pico-sdk/lib/tinyusb/src/device/usbd_control.c.obj
                0x10006600                tud_control_status
 .text.tud_control_xfer
                0x10006628       0x68 CMakeFiles/main.dir/Users/jjulich/Documents/pico-sdk/lib/tinyusb/src/device/usbd_control.c.obj
                0x10006628                tud_control_xfer
 .text.usbd_control_reset
                0x10006690       0x14 CMakeFiles/main.dir/Users/jjulich/Documents/pico-sdk/lib/tinyusb/src/device/usbd_control.c.obj
                0x10006690                usbd_control_reset
 .text.usbd_control_set_complete_callback
                0x100066a4        0xc CMakeFiles/main.dir/Users/jjulich/Documents/pico-sdk/lib/tinyusb/src/device/usbd_control.c.obj
                0x100066a4                usbd_control_set_complete_callback
 .text.usbd_control_set_request
                0x100066b0       0x1c CMakeFiles/main.dir/Users/jjulich/Documents/pico-sdk/lib/tinyusb/src/device/usbd_control.c.obj
                0x100066b0                usbd_control_set_request
 .text.usbd_control_xfer_cb
                0x100066cc       0xbc CMakeFiles/main.dir/Users/jjulich/Documents/pico-sdk/lib/tinyusb/src/device/usbd_control.c.obj
                0x100066cc                usbd_control_xfer_cb
 .text._prep_out_transaction
                0x10006788       0x4a CMakeFiles/main.dir/Users/jjulich/Documents/pico-sdk/lib/tinyusb/src/class/cdc/cdc_device.c.obj
 *fill*         0x100067d2        0x2 
 .text.tud_cdc_n_connected
                0x100067d4       0x38 CMakeFiles/main.dir/Users/jjulich/Documents/pico-sdk/lib/tinyusb/src/class/cdc/cdc_device.c.obj
                0x100067d4                tud_cdc_n_connected
 .text.tud_cdc_n_available
                0x1000680c       0x18 CMakeFiles/main.dir/Users/jjulich/Documents/pico-sdk/lib/tinyusb/src/class/cdc/cdc_device.c.obj
                0x1000680c                tud_cdc_n_available
 .text.tud_cdc_n_read
                0x10006824       0x28 CMakeFiles/main.dir/Users/jjulich/Documents/pico-sdk/lib/tinyusb/src/class/cdc/cdc_device.c.obj
                0x10006824                tud_cdc_n_read
 .text.tud_cdc_n_write_flush
                0x1000684c       0xb8 CMakeFiles/main.dir/Users/jjulich/Documents/pico-sdk/lib/tinyusb/src/class/cdc/cdc_device.c.obj
                0x1000684c                tud_cdc_n_write_flush
 .text.tud_cdc_n_write
                0x10006904       0x38 CMakeFiles/main.dir/Users/jjulich/Documents/pico-sdk/lib/tinyusb/src/class/cdc/cdc_device.c.obj
                0x10006904                tud_cdc_n_write
 .text.tud_cdc_n_write_available
                0x1000693c       0x1c CMakeFiles/main.dir/Users/jjulich/Documents/pico-sdk/lib/tinyusb/src/class/cdc/cdc_device.c.obj
                0x1000693c                tud_cdc_n_write_available
 .text.cdcd_init
                0x10006958       0xbc CMakeFiles/main.dir/Users/jjulich/Documents/pico-sdk/lib/tinyusb/src/class/cdc/cdc_device.c.obj
                0x10006958                cdcd_init
 .text.cdcd_reset
                0x10006a14       0x44 CMakeFiles/main.dir/Users/jjulich/Documents/pico-sdk/lib/tinyusb/src/class/cdc/cdc_device.c.obj
                0x10006a14                cdcd_reset
 .text.cdcd_open
                0x10006a58       0xc4 CMakeFiles/main.dir/Users/jjulich/Documents/pico-sdk/lib/tinyusb/src/class/cdc/cdc_device.c.obj
                0x10006a58                cdcd_open
 .text.cdcd_control_xfer_cb
                0x10006b1c      0x134 CMakeFiles/main.dir/Users/jjulich/Documents/pico-sdk/lib/tinyusb/src/class/cdc/cdc_device.c.obj
                0x10006b1c                cdcd_control_xfer_cb
 .text.cdcd_xfer_cb
                0x10006c50      0x130 CMakeFiles/main.dir/Users/jjulich/Documents/pico-sdk/lib/tinyusb/src/class/cdc/cdc_device.c.obj
                0x10006c50                cdcd_xfer_cb
 .text.tusb_init
                0x10006d80        0xa CMakeFiles/main.dir/Users/jjulich/Documents/pico-sdk/lib/tinyusb/src/tusb.c.obj
                0x10006d80                tusb_init
 .text.tusb_inited
                0x10006d8a        0xe CMakeFiles/main.dir/Users/jjulich/Documents/pico-sdk/lib/tinyusb/src/tusb.c.obj
                0x10006d8a                tusb_inited
 .text.tu_edpt_claim
                0x10006d98       0x50 CMakeFiles/main.dir/Users/jjulich/Documents/pico-sdk/lib/tinyusb/src/tusb.c.obj
                0x10006d98                tu_edpt_claim
 .text.tu_edpt_release
                0x10006de8       0x38 CMakeFiles/main.dir/Users/jjulich/Documents/pico-sdk/lib/tinyusb/src/tusb.c.obj
                0x10006de8                tu_edpt_release
 .text.tu_edpt_validate
                0x10006e20       0x78 CMakeFiles/main.dir/Users/jjulich/Documents/pico-sdk/lib/tinyusb/src/tusb.c.obj
                0x10006e20                tu_edpt_validate
 .text.tu_edpt_bind_driver
                0x10006e98       0x26 CMakeFiles/main.dir/Users/jjulich/Documents/pico-sdk/lib/tinyusb/src/tusb.c.obj
                0x10006e98                tu_edpt_bind_driver
 .text.advance_index
                0x10006ebe       0x1a CMakeFiles/main.dir/Users/jjulich/Documents/pico-sdk/lib/tinyusb/src/common/tusb_fifo.c.obj
 .text._tu_fifo_peek
                0x10006ed8       0x56 CMakeFiles/main.dir/Users/jjulich/Documents/pico-sdk/lib/tinyusb/src/common/tusb_fifo.c.obj
 .text._ff_pull_const_addr
                0x10006f2e       0x4c CMakeFiles/main.dir/Users/jjulich/Documents/pico-sdk/lib/tinyusb/src/common/tusb_fifo.c.obj
 .text._ff_pull_n
                0x10006f7a      0x110 CMakeFiles/main.dir/Users/jjulich/Documents/pico-sdk/lib/tinyusb/src/common/tusb_fifo.c.obj
 .text._tu_fifo_peek_n
                0x1000708a       0x6a CMakeFiles/main.dir/Users/jjulich/Documents/pico-sdk/lib/tinyusb/src/common/tusb_fifo.c.obj
 .text._tu_fifo_read_n
                0x100070f4       0x4e CMakeFiles/main.dir/Users/jjulich/Documents/pico-sdk/lib/tinyusb/src/common/tusb_fifo.c.obj
 .text._ff_push_const_addr
                0x10007142       0x40 CMakeFiles/main.dir/Users/jjulich/Documents/pico-sdk/lib/tinyusb/src/common/tusb_fifo.c.obj
 .text._ff_push_n
                0x10007182      0x10c CMakeFiles/main.dir/Users/jjulich/Documents/pico-sdk/lib/tinyusb/src/common/tusb_fifo.c.obj
 .text._tu_fifo_write_n
                0x1000728e       0xf0 CMakeFiles/main.dir/Users/jjulich/Documents/pico-sdk/lib/tinyusb/src/common/tusb_fifo.c.obj
 .text.tu_fifo_config
                0x1000737e       0x7c CMakeFiles/main.dir/Users/jjulich/Documents/pico-sdk/lib/tinyusb/src/common/tusb_fifo.c.obj
                0x1000737e                tu_fifo_config
 .text.tu_fifo_count
                0x100073fa       0x2a CMakeFiles/main.dir/Users/jjulich/Documents/pico-sdk/lib/tinyusb/src/common/tusb_fifo.c.obj
                0x100073fa                tu_fifo_count
 .text.tu_fifo_empty
                0x10007424        0xe CMakeFiles/main.dir/Users/jjulich/Documents/pico-sdk/lib/tinyusb/src/common/tusb_fifo.c.obj
                0x10007424                tu_fifo_empty
 .text.tu_fifo_full
                0x10007432       0x28 CMakeFiles/main.dir/Users/jjulich/Documents/pico-sdk/lib/tinyusb/src/common/tusb_fifo.c.obj
                0x10007432                tu_fifo_full
 .text.tu_fifo_remaining
                0x1000745a       0x2c CMakeFiles/main.dir/Users/jjulich/Documents/pico-sdk/lib/tinyusb/src/common/tusb_fifo.c.obj
                0x1000745a                tu_fifo_remaining
 .text.tu_fifo_read
                0x10007486       0x42 CMakeFiles/main.dir/Users/jjulich/Documents/pico-sdk/lib/tinyusb/src/common/tusb_fifo.c.obj
                0x10007486                tu_fifo_read
 .text.tu_fifo_read_n
                0x100074c8        0xa CMakeFiles/main.dir/Users/jjulich/Documents/pico-sdk/lib/tinyusb/src/common/tusb_fifo.c.obj
                0x100074c8                tu_fifo_read_n
 .text.tu_fifo_write
                0x100074d2       0x64 CMakeFiles/main.dir/Users/jjulich/Documents/pico-sdk/lib/tinyusb/src/common/tusb_fifo.c.obj
                0x100074d2                tu_fifo_write
 .text.tu_fifo_write_n
                0x10007536        0xa CMakeFiles/main.dir/Users/jjulich/Documents/pico-sdk/lib/tinyusb/src/common/tusb_fifo.c.obj
                0x10007536                tu_fifo_write_n
 .text.tu_fifo_clear
                0x10007540       0x3e CMakeFiles/main.dir/Users/jjulich/Documents/pico-sdk/lib/tinyusb/src/common/tusb_fifo.c.obj
                0x10007540                tu_fifo_clear
 .text.tu_fifo_set_overwritable
                0x1000757e       0x46 CMakeFiles/main.dir/Users/jjulich/Documents/pico-sdk/lib/tinyusb/src/common/tusb_fifo.c.obj
                0x1000757e                tu_fifo_set_overwritable
 .text.spi_set_baudrate
                0x100075c4       0xc2 CMakeFiles/main.dir/Users/jjulich/Documents/pico-sdk/src/rp2_common/hardware_spi/spi.c.obj
                0x100075c4                spi_set_baudrate
 *fill*         0x10007686        0x2 
 .text.spi_init
                0x10007688       0x74 CMakeFiles/main.dir/Users/jjulich/Documents/pico-sdk/src/rp2_common/hardware_spi/spi.c.obj
                0x10007688                spi_init
 .text.i2c_set_baudrate
                0x100076fc       0xf0 CMakeFiles/main.dir/Users/jjulich/Documents/pico-sdk/src/rp2_common/hardware_i2c/i2c.c.obj
                0x100076fc                i2c_set_baudrate
 .text.i2c_init
                0x100077ec       0x58 CMakeFiles/main.dir/Users/jjulich/Documents/pico-sdk/src/rp2_common/hardware_i2c/i2c.c.obj
                0x100077ec                i2c_init
 .text.adc_init
                0x10007844       0x34 CMakeFiles/main.dir/Users/jjulich/Documents/pico-sdk/src/rp2_common/hardware_adc/adc.c.obj
                0x10007844                adc_init
 .text.adc_gpio_init
                0x10007878       0x1e examples/libexamples.a(LCD_1in28_test.c.obj)
 *fill*         0x10007896        0x2 
 .text.plotArc  0x10007898       0xec examples/libexamples.a(LCD_1in28_test.c.obj)
                0x10007898                plotArc
 .text.drawGauge
                0x10007984       0x50 examples/libexamples.a(LCD_1in28_test.c.obj)
                0x10007984                drawGauge
 .text.LCD_1in28_init
                0x100079d4       0x68 examples/libexamples.a(LCD_1in28_test.c.obj)
                0x100079d4                LCD_1in28_init
 .text.LCD_1in28_test
                0x10007a3c      0x104 examples/libexamples.a(LCD_1in28_test.c.obj)
                0x10007a3c                LCD_1in28_test
 .text.setMainText
                0x10007b40       0x14 examples/libexamples.a(LCD_1in28_test.c.obj)
                0x10007b40                setMainText
 .text.setNameText
                0x10007b54       0x14 examples/libexamples.a(LCD_1in28_test.c.obj)
                0x10007b54                setNameText
 .text.setStatusText
                0x10007b68       0x38 examples/libexamples.a(LCD_1in28_test.c.obj)
                0x10007b68                setStatusText
 .text.setGaugeText
                0x10007ba0       0x14 examples/libexamples.a(LCD_1in28_test.c.obj)
                0x10007ba0                setGaugeText
 .text.setGauge
                0x10007bb4       0x1c examples/libexamples.a(LCD_1in28_test.c.obj)
                0x10007bb4                setGauge
 .text.LCD_1IN28_Reset
                0x10007bd0       0x36 lib/LCD/libLCD.a(LCD_1in28.c.obj)
 .text.LCD_1IN28_SendCommand
                0x10007c06       0x14 lib/LCD/libLCD.a(LCD_1in28.c.obj)
 .text.LCD_1IN28_SendData_8Bit
                0x10007c1a       0x14 lib/LCD/libLCD.a(LCD_1in28.c.obj)
 *fill*         0x10007c2e        0x2 
 .text.LCD_1IN28_SetAttributes
                0x10007c30       0x30 lib/LCD/libLCD.a(LCD_1in28.c.obj)
 .text.LCD_1IN28_InitReg
                0x10007c60      0x460 lib/LCD/libLCD.a(LCD_1in28.c.obj)
 .text.LCD_1IN28_Init
                0x100080c0       0x14 lib/LCD/libLCD.a(LCD_1in28.c.obj)
                0x100080c0                LCD_1IN28_Init
 .text.LCD_1IN28_SetWindows
                0x100080d4       0x58 lib/LCD/libLCD.a(LCD_1in28.c.obj)
                0x100080d4                LCD_1IN28_SetWindows
 .text.LCD_1IN28_Clear
                0x1000812c       0x64 lib/LCD/libLCD.a(LCD_1in28.c.obj)
                0x1000812c                LCD_1IN28_Clear
 .text.LCD_1IN28_Display
                0x10008190       0x36 lib/LCD/libLCD.a(LCD_1in28.c.obj)
                0x10008190                LCD_1IN28_Display
 .text.centerText
                0x100081c6       0x16 lib/GUI/libGUI.a(GUI_Paint.c.obj)
 .text.Paint_NewImage
                0x100081dc       0x4c lib/GUI/libGUI.a(GUI_Paint.c.obj)
                0x100081dc                Paint_NewImage
 .text.Paint_SetRotate
                0x10008228       0x20 lib/GUI/libGUI.a(GUI_Paint.c.obj)
                0x10008228                Paint_SetRotate
 .text.Paint_SetScale
                0x10008248       0x68 lib/GUI/libGUI.a(GUI_Paint.c.obj)
                0x10008248                Paint_SetScale
 .text.Paint_SetPixel
                0x100082b0      0x168 lib/GUI/libGUI.a(GUI_Paint.c.obj)
                0x100082b0                Paint_SetPixel
 .text.Paint_Clear
                0x10008418       0xb0 lib/GUI/libGUI.a(GUI_Paint.c.obj)
                0x10008418                Paint_Clear
 .text.Paint_DrawPoint
                0x100084c8       0xe0 lib/GUI/libGUI.a(GUI_Paint.c.obj)
                0x100084c8                Paint_DrawPoint
 .text.Paint_DrawChar
                0x100085a8       0xc4 lib/GUI/libGUI.a(GUI_Paint.c.obj)
                0x100085a8                Paint_DrawChar
 .text.Paint_DrawString_EN
                0x1000866c       0xa4 lib/GUI/libGUI.a(GUI_Paint.c.obj)
                0x1000866c                Paint_DrawString_EN
 .text.adc_gpio_init
                0x10008710       0x1e lib/Config/libConfig.a(DEV_Config.c.obj)
 .text.DEV_Digital_Write
                0x1000872e       0x18 lib/Config/libConfig.a(DEV_Config.c.obj)
                0x1000872e                DEV_Digital_Write
 *fill*         0x10008746        0x2 
 .text.DEV_SPI_WriteByte
                0x10008748       0x1c lib/Config/libConfig.a(DEV_Config.c.obj)
                0x10008748                DEV_SPI_WriteByte
 .text.DEV_SPI_Write_nByte
                0x10008764       0x14 lib/Config/libConfig.a(DEV_Config.c.obj)
                0x10008764                DEV_SPI_Write_nByte
 .text.DEV_GPIO_Mode
                0x10008778       0x26 lib/Config/libConfig.a(DEV_Config.c.obj)
                0x10008778                DEV_GPIO_Mode
 *fill*         0x1000879e        0x2 
 .text.DEV_SET_PWM
                0x100087a0       0x40 lib/Config/libConfig.a(DEV_Config.c.obj)
                0x100087a0                DEV_SET_PWM
 .text.DEV_Delay_ms
                0x100087e0        0x8 lib/Config/libConfig.a(DEV_Config.c.obj)
                0x100087e0                DEV_Delay_ms
 .text.DEV_GPIO_Init
                0x100087e8       0x3c lib/Config/libConfig.a(DEV_Config.c.obj)
                0x100087e8                DEV_GPIO_Init
 .text.DEV_Module_Init
                0x10008824       0xe8 lib/Config/libConfig.a(DEV_Config.c.obj)
                0x10008824                DEV_Module_Init
 .text.malloc   0x1000890c       0x14 /Applications/ArmGNUToolchain/13.2.Rel1/arm-none-eabi/bin/../lib/gcc/arm-none-eabi/13.2.1/../../../../arm-none-eabi/lib/thumb/v6-m/nofp/libg.a(libc_a-malloc.o)
                0x1000890c                malloc
 .text._malloc_r
                0x10008920      0x5c4 /Applications/ArmGNUToolchain/13.2.Rel1/arm-none-eabi/bin/../lib/gcc/arm-none-eabi/13.2.1/../../../../arm-none-eabi/lib/thumb/v6-m/nofp/libg.a(libc_a-mallocr.o)
                0x10008920                _malloc_r
 .text.__malloc_lock
                0x10008ee4       0x10 /Applications/ArmGNUToolchain/13.2.Rel1/arm-none-eabi/bin/../lib/gcc/arm-none-eabi/13.2.1/../../../../arm-none-eabi/lib/thumb/v6-m/nofp/libg.a(libc_a-mlock.o)
                0x10008ee4                __malloc_lock
 .text.__malloc_unlock
                0x10008ef4       0x10 /Applications/ArmGNUToolchain/13.2.Rel1/arm-none-eabi/bin/../lib/gcc/arm-none-eabi/13.2.1/../../../../arm-none-eabi/lib/thumb/v6-m/nofp/libg.a(libc_a-mlock.o)
                0x10008ef4                __malloc_unlock
 .text.strncpy  0x10008f04       0x60 /Applications/ArmGNUToolchain/13.2.Rel1/arm-none-eabi/bin/../lib/gcc/arm-none-eabi/13.2.1/../../../../arm-none-eabi/lib/thumb/v6-m/nofp/libg.a(libc_a-strncpy.o)
                0x10008f04                strncpy
 .text._sbrk_r  0x10008f64       0x24 /Applications/ArmGNUToolchain/13.2.Rel1/arm-none-eabi/bin/../lib/gcc/arm-none-eabi/13.2.1/../../../../arm-none-eabi/lib/thumb/v6-m/nofp/libg.a(libc_a-sbrkr.o)
                0x10008f64                _sbrk_r
 .text.__errno  0x10008f88        0xc /Applications/ArmGNUToolchain/13.2.Rel1/arm-none-eabi/bin/../lib/gcc/arm-none-eabi/13.2.1/../../../../arm-none-eabi/lib/thumb/v6-m/nofp/libg.a(libc_a-errno.o)
                0x10008f88                __errno
 .text.sysconf  0x10008f94       0x1c /Applications/ArmGNUToolchain/13.2.Rel1/arm-none-eabi/bin/../lib/gcc/arm-none-eabi/13.2.1/../../../../arm-none-eabi/lib/thumb/v6-m/nofp/libg.a(libc_a-sysconf.o)
                0x10008f94                sysconf
 .text.__retarget_lock_acquire_recursive
                0x10008fb0        0x4 /Applications/ArmGNUToolchain/13.2.Rel1/arm-none-eabi/bin/../lib/gcc/arm-none-eabi/13.2.1/../../../../arm-none-eabi/lib/thumb/v6-m/nofp/libg.a(libc_a-lock.o)
                0x10008fb0                __retarget_lock_acquire_recursive
 .text.__retarget_lock_release_recursive
                0x10008fb4        0x4 /Applications/ArmGNUToolchain/13.2.Rel1/arm-none-eabi/bin/../lib/gcc/arm-none-eabi/13.2.1/../../../../arm-none-eabi/lib/thumb/v6-m/nofp/libg.a(libc_a-lock.o)
                0x10008fb4                __retarget_lock_release_recursive
 .text.strlen   0x10008fb8       0x5c /Applications/ArmGNUToolchain/13.2.Rel1/arm-none-eabi/bin/../lib/gcc/arm-none-eabi/13.2.1/../../../../arm-none-eabi/lib/thumb/v6-m/nofp/libg.a(libc_a-strlen-stub.o)
                0x10008fb8                strlen
 .text._malloc_trim_r
                0x10009014       0xb4 /Applications/ArmGNUToolchain/13.2.Rel1/arm-none-eabi/bin/../lib/gcc/arm-none-eabi/13.2.1/../../../../arm-none-eabi/lib/thumb/v6-m/nofp/libg.a(libc_a-freer.o)
                0x10009014                _malloc_trim_r
 .text._free_r  0x100090c8      0x1d4 /Applications/ArmGNUToolchain/13.2.Rel1/arm-none-eabi/bin/../lib/gcc/arm-none-eabi/13.2.1/../../../../arm-none-eabi/lib/thumb/v6-m/nofp/libg.a(libc_a-freer.o)
                0x100090c8                _free_r
 *(.fini)
 .fini          0x1000929c        0x4 /Applications/ArmGNUToolchain/13.2.Rel1/arm-none-eabi/bin/../lib/gcc/arm-none-eabi/13.2.1/thumb/v6-m/nofp/crti.o
                0x1000929c                _fini
 .fini.__stub   0x100092a0       0xf0 linker stubs
 *crtbegin.o(.ctors)
 *crtbegin?.o(.ctors)
 *(EXCLUDE_FILE(*crtend.o *crtend?.o) .ctors)
 *(SORT_BY_NAME(.ctors.*))
 *(.ctors)
 *crtbegin.o(.dtors)
 *crtbegin?.o(.dtors)
 *(EXCLUDE_FILE(*crtend.o *crtend?.o) .dtors)
 *(SORT_BY_NAME(.dtors.*))
 *(.dtors)
 *(.eh_frame*)
 .eh_frame      0x10009390        0x0 /Applications/ArmGNUToolchain/13.2.Rel1/arm-none-eabi/bin/../lib/gcc/arm-none-eabi/13.2.1/thumb/v6-m/nofp/crtbegin.o
                0x10009390                        . = ALIGN (0x4)

.glue_7         0x10009390        0x0
 .glue_7        0x10009390        0x0 linker stubs

.glue_7t        0x10009390        0x0
 .glue_7t       0x10009390        0x0 linker stubs

.vfp11_veneer   0x10009390        0x0
 .vfp11_veneer  0x10009390        0x0 linker stubs

.v4_bx          0x10009390        0x0
 .v4_bx         0x10009390        0x0 linker stubs

.iplt           0x10009390        0x0
 .iplt          0x10009390        0x0 /Applications/ArmGNUToolchain/13.2.Rel1/arm-none-eabi/bin/../lib/gcc/arm-none-eabi/13.2.1/thumb/v6-m/nofp/crtbegin.o

.rodata         0x10009390     0x3dac
 *(EXCLUDE_FILE(*libm.a: *libc.a:*lib_a-mem*.o *libgcc.a:) .rodata*)
 .rodata.main.str1.4
                0x10009390     0x1051 CMakeFiles/main.dir/main.c.obj
                                 0x6d (size before relaxing)
 .rodata.spin_lock_claim_unused.str1.4
                0x1000a3e1       0x1b CMakeFiles/main.dir/Users/jjulich/Documents/pico-sdk/src/rp2_common/hardware_sync/sync.c.obj
 .rodata.resolve_branch.str1.4
                0x1000a3e1       0x5c CMakeFiles/main.dir/Users/jjulich/Documents/pico-sdk/src/rp2_common/hardware_irq/irq.c.obj
 .rodata.make_branch.str1.4
                0x1000a3e1       0x30 CMakeFiles/main.dir/Users/jjulich/Documents/pico-sdk/src/rp2_common/hardware_irq/irq.c.obj
 .rodata.insert_branch_and_link.str1.4
                0x1000a3e1       0x10 CMakeFiles/main.dir/Users/jjulich/Documents/pico-sdk/src/rp2_common/hardware_irq/irq.c.obj
 .rodata.irq_set_exclusive_handler.str1.4
                0x1000a3e1       0x36 CMakeFiles/main.dir/Users/jjulich/Documents/pico-sdk/src/rp2_common/hardware_irq/irq.c.obj
 .rodata.irq_add_shared_handler.str1.4
                0x1000a3e1       0xc2 CMakeFiles/main.dir/Users/jjulich/Documents/pico-sdk/src/rp2_common/hardware_irq/irq.c.obj
 .rodata.irq_remove_handler.str1.4
                0x1000a3e1       0x3a CMakeFiles/main.dir/Users/jjulich/Documents/pico-sdk/src/rp2_common/hardware_irq/irq.c.obj
 .rodata.irq_add_tail_to_free_list.str1.4
                0x1000a3e1       0x3a CMakeFiles/main.dir/Users/jjulich/Documents/pico-sdk/src/rp2_common/hardware_irq/irq.c.obj
 .rodata.user_irq_claim_unused.str1.4
                0x1000a3e1       0x1b CMakeFiles/main.dir/Users/jjulich/Documents/pico-sdk/src/rp2_common/hardware_irq/irq.c.obj
 *fill*         0x1000a3e1        0x3 
 .rodata.__func__.0
                0x1000a3e4       0x1a CMakeFiles/main.dir/Users/jjulich/Documents/pico-sdk/src/rp2_common/hardware_irq/irq.c.obj
 *fill*         0x1000a3fe        0x2 
 .rodata.__func__.1
                0x1000a400       0x17 CMakeFiles/main.dir/Users/jjulich/Documents/pico-sdk/src/rp2_common/hardware_irq/irq.c.obj
 *fill*         0x1000a417        0x1 
 .rodata.__func__.2
                0x1000a418       0x13 CMakeFiles/main.dir/Users/jjulich/Documents/pico-sdk/src/rp2_common/hardware_irq/irq.c.obj
 *fill*         0x1000a42b        0x1 
 .rodata.__func__.3
                0x1000a42c        0xc CMakeFiles/main.dir/Users/jjulich/Documents/pico-sdk/src/rp2_common/hardware_irq/irq.c.obj
 .rodata.__func__.4
                0x1000a438        0xf CMakeFiles/main.dir/Users/jjulich/Documents/pico-sdk/src/rp2_common/hardware_irq/irq.c.obj
 *fill*         0x1000a447        0x1 
 .rodata.__func__.5
                0x1000a448       0x17 CMakeFiles/main.dir/Users/jjulich/Documents/pico-sdk/src/rp2_common/hardware_irq/irq.c.obj
 *fill*         0x1000a45f        0x1 
 .rodata.__func__.6
                0x1000a460       0x1a CMakeFiles/main.dir/Users/jjulich/Documents/pico-sdk/src/rp2_common/hardware_irq/irq.c.obj
 .rodata.update_us_since_boot.str1.4
                0x1000a47a       0x68 CMakeFiles/main.dir/Users/jjulich/Documents/pico-sdk/src/common/pico_sync/mutex.c.obj
 .rodata.str1.4
                0x1000a47a       0x91 CMakeFiles/main.dir/Users/jjulich/Documents/pico-sdk/src/common/pico_sync/mutex.c.obj
 *fill*         0x1000a47a        0x2 
 .rodata.__func__.1
                0x1000a47c        0xb CMakeFiles/main.dir/Users/jjulich/Documents/pico-sdk/src/common/pico_sync/mutex.c.obj
 *fill*         0x1000a487        0x1 
 .rodata.__func__.3
                0x1000a488       0x18 CMakeFiles/main.dir/Users/jjulich/Documents/pico-sdk/src/common/pico_sync/mutex.c.obj
 .rodata.__func__.4
                0x1000a4a0       0x15 CMakeFiles/main.dir/Users/jjulich/Documents/pico-sdk/src/common/pico_sync/mutex.c.obj
 .rodata.get_entry.str1.4
                0x1000a4b5       0x62 CMakeFiles/main.dir/Users/jjulich/Documents/pico-sdk/src/common/pico_time/time.c.obj
 .rodata.update_us_since_boot.str1.4
                0x1000a4b5       0x68 CMakeFiles/main.dir/Users/jjulich/Documents/pico-sdk/src/common/pico_time/time.c.obj
 .rodata.ph_get_node.str1.4
                0x1000a4b5       0x6d CMakeFiles/main.dir/Users/jjulich/Documents/pico-sdk/src/common/pico_time/time.c.obj
 .rodata.ph_add_child_node.str1.4
                0x1000a4b5       0x2e CMakeFiles/main.dir/Users/jjulich/Documents/pico-sdk/src/common/pico_time/time.c.obj
 .rodata.ph_insert_node.str1.4
                0x1000a4b5        0x3 CMakeFiles/main.dir/Users/jjulich/Documents/pico-sdk/src/common/pico_time/time.c.obj
 .rodata.ph_free_node.str1.4
                0x1000a4b5       0x38 CMakeFiles/main.dir/Users/jjulich/Documents/pico-sdk/src/common/pico_time/time.c.obj
 .rodata.add_alarm_under_lock.str1.4
                0x1000a4b5       0x28 CMakeFiles/main.dir/Users/jjulich/Documents/pico-sdk/src/common/pico_time/time.c.obj
 .rodata.alarm_pool_alarm_callback.str1.4
                0x1000a4b5       0x60 CMakeFiles/main.dir/Users/jjulich/Documents/pico-sdk/src/common/pico_time/time.c.obj
 .rodata.alarm_pool_get_default.str1.4
                0x1000a4b5       0x21 CMakeFiles/main.dir/Users/jjulich/Documents/pico-sdk/src/common/pico_time/time.c.obj
 .rodata.alarm_pool_cancel_alarm.str1.4
                0x1000a4b5       0x27 CMakeFiles/main.dir/Users/jjulich/Documents/pico-sdk/src/common/pico_time/time.c.obj
 .rodata.sleep_until.str1.4
                0x1000a4b5       0x4d CMakeFiles/main.dir/Users/jjulich/Documents/pico-sdk/src/common/pico_time/time.c.obj
 *fill*         0x1000a4b5        0x3 
 .rodata.__func__.1
                0x1000a4b8       0x18 CMakeFiles/main.dir/Users/jjulich/Documents/pico-sdk/src/common/pico_time/time.c.obj
 .rodata.__func__.3
                0x1000a4d0       0x17 CMakeFiles/main.dir/Users/jjulich/Documents/pico-sdk/src/common/pico_time/time.c.obj
 *fill*         0x1000a4e7        0x1 
 .rodata.__func__.4
                0x1000a4e8       0x12 CMakeFiles/main.dir/Users/jjulich/Documents/pico-sdk/src/common/pico_time/time.c.obj
 *fill*         0x1000a4fa        0x2 
 .rodata.__func__.5
                0x1000a4fc        0xd CMakeFiles/main.dir/Users/jjulich/Documents/pico-sdk/src/common/pico_time/time.c.obj
 *fill*         0x1000a509        0x3 
 .rodata.__func__.6
                0x1000a50c       0x12 CMakeFiles/main.dir/Users/jjulich/Documents/pico-sdk/src/common/pico_time/time.c.obj
 *fill*         0x1000a51e        0x2 
 .rodata.__func__.7
                0x1000a520        0xf CMakeFiles/main.dir/Users/jjulich/Documents/pico-sdk/src/common/pico_time/time.c.obj
 *fill*         0x1000a52f        0x1 
 .rodata.__func__.8
                0x1000a530        0xc CMakeFiles/main.dir/Users/jjulich/Documents/pico-sdk/src/common/pico_time/time.c.obj
 .rodata.__func__.9
                0x1000a53c       0x15 CMakeFiles/main.dir/Users/jjulich/Documents/pico-sdk/src/common/pico_time/time.c.obj
 *fill*         0x1000a551        0x3 
 .rodata.__func__.10
                0x1000a554       0x15 CMakeFiles/main.dir/Users/jjulich/Documents/pico-sdk/src/common/pico_time/time.c.obj
 *fill*         0x1000a569        0x3 
 .rodata.__func__.11
                0x1000a56c       0x1a CMakeFiles/main.dir/Users/jjulich/Documents/pico-sdk/src/common/pico_time/time.c.obj
 *fill*         0x1000a586        0x2 
 .rodata.__func__.12
                0x1000a588        0xa CMakeFiles/main.dir/Users/jjulich/Documents/pico-sdk/src/common/pico_time/time.c.obj
 .rodata.hardware_alarm_claim.str1.4
                0x1000a592       0x22 CMakeFiles/main.dir/Users/jjulich/Documents/pico-sdk/src/rp2_common/hardware_timer/timer.c.obj
 .rodata.hardware_alarm_set_target.str1.4
                0x1000a592       0x6c CMakeFiles/main.dir/Users/jjulich/Documents/pico-sdk/src/rp2_common/hardware_timer/timer.c.obj
 *fill*         0x1000a592        0x2 
 .rodata.__func__.0
                0x1000a594       0x1a CMakeFiles/main.dir/Users/jjulich/Documents/pico-sdk/src/rp2_common/hardware_timer/timer.c.obj
 .rodata.ph_get_node.str1.4
                0x1000a5ae       0x6d CMakeFiles/main.dir/Users/jjulich/Documents/pico-sdk/src/common/pico_util/pheap.c.obj
 .rodata.ph_add_child_node.str1.4
                0x1000a5ae       0x2e CMakeFiles/main.dir/Users/jjulich/Documents/pico-sdk/src/common/pico_util/pheap.c.obj
 .rodata.ph_remove_any_head.str1.4
                0x1000a5ae       0xa8 CMakeFiles/main.dir/Users/jjulich/Documents/pico-sdk/src/common/pico_util/pheap.c.obj
 .rodata.ph_remove_and_free_node.str1.4
                0x1000a5ae       0x26 CMakeFiles/main.dir/Users/jjulich/Documents/pico-sdk/src/common/pico_util/pheap.c.obj
 *fill*         0x1000a5ae        0x2 
 .rodata.__func__.0
                0x1000a5b0       0x18 CMakeFiles/main.dir/Users/jjulich/Documents/pico-sdk/src/common/pico_util/pheap.c.obj
 .rodata.__func__.1
                0x1000a5c8       0x13 CMakeFiles/main.dir/Users/jjulich/Documents/pico-sdk/src/common/pico_util/pheap.c.obj
 *fill*         0x1000a5db        0x1 
 .rodata.__func__.2
                0x1000a5dc       0x12 CMakeFiles/main.dir/Users/jjulich/Documents/pico-sdk/src/common/pico_util/pheap.c.obj
 *fill*         0x1000a5ee        0x2 
 .rodata.__func__.3
                0x1000a5f0        0xc CMakeFiles/main.dir/Users/jjulich/Documents/pico-sdk/src/common/pico_util/pheap.c.obj
 .rodata.clock_configure.str1.4
                0x1000a5fc       0x5e CMakeFiles/main.dir/Users/jjulich/Documents/pico-sdk/src/rp2_common/hardware_clocks/clocks.c.obj
 .rodata.__func__.1
                0x1000a5fc       0x10 CMakeFiles/main.dir/Users/jjulich/Documents/pico-sdk/src/rp2_common/hardware_clocks/clocks.c.obj
 .rodata.pll_init.str1.4
                0x1000a60c      0x128 CMakeFiles/main.dir/Users/jjulich/Documents/pico-sdk/src/rp2_common/hardware_pll/pll.c.obj
 .rodata.__func__.0
                0x1000a60c        0x9 CMakeFiles/main.dir/Users/jjulich/Documents/pico-sdk/src/rp2_common/hardware_pll/pll.c.obj
 .rodata.__assert_func.str1.4
                0x1000a615       0x43 CMakeFiles/main.dir/Users/jjulich/Documents/pico-sdk/src/rp2_common/pico_runtime/runtime.c.obj
 .rodata.runtime_init.str1.4
                0x1000a615       0x68 CMakeFiles/main.dir/Users/jjulich/Documents/pico-sdk/src/rp2_common/pico_runtime/runtime.c.obj
 .rodata.panic.str1.4
                0x1000a615       0x12 CMakeFiles/main.dir/Users/jjulich/Documents/pico-sdk/src/rp2_common/pico_runtime/runtime.c.obj
 *fill*         0x1000a615        0x3 
 .rodata.__func__.2
                0x1000a618        0xd CMakeFiles/main.dir/Users/jjulich/Documents/pico-sdk/src/rp2_common/pico_runtime/runtime.c.obj
 .rodata._ftoa.str1.4
                0x1000a625       0x15 CMakeFiles/main.dir/Users/jjulich/Documents/pico-sdk/src/rp2_common/pico_printf/printf.c.obj
 *fill*         0x1000a625        0x3 
 .rodata._vsnprintf
                0x1000a628      0x19c CMakeFiles/main.dir/Users/jjulich/Documents/pico-sdk/src/rp2_common/pico_printf/printf.c.obj
 *fill*         0x1000a7c4        0x4 
 .rodata.pow10.0
                0x1000a7c8       0x50 CMakeFiles/main.dir/Users/jjulich/Documents/pico-sdk/src/rp2_common/pico_printf/printf.c.obj
 .rodata.__aeabi_double_init.str1.4
                0x1000a818       0xa3 CMakeFiles/main.dir/Users/jjulich/Documents/pico-sdk/src/rp2_common/pico_double/double_init_rom.c.obj
 .rodata.__func__.0
                0x1000a818       0x14 CMakeFiles/main.dir/Users/jjulich/Documents/pico-sdk/src/rp2_common/pico_double/double_init_rom.c.obj
 .rodata.__aeabi_float_init.str1.4
                0x1000a82c       0x85 CMakeFiles/main.dir/Users/jjulich/Documents/pico-sdk/src/rp2_common/pico_float/float_init_rom.c.obj
 .rodata.__func__.0
                0x1000a82c       0x13 CMakeFiles/main.dir/Users/jjulich/Documents/pico-sdk/src/rp2_common/pico_float/float_init_rom.c.obj
 .rodata.check_alloc.str1.4
                0x1000a83f        0xe CMakeFiles/main.dir/Users/jjulich/Documents/pico-sdk/src/rp2_common/pico_malloc/pico_malloc.c.obj
 .rodata.str1.4
                0x1000a83f       0x3c CMakeFiles/main.dir/Users/jjulich/Documents/pico-sdk/src/rp2_common/pico_standard_link/binary_info.c.obj
 *fill*         0x1000a83f        0x1 
 .rodata.__bi_81
                0x1000a840        0xc CMakeFiles/main.dir/Users/jjulich/Documents/pico-sdk/src/rp2_common/pico_standard_link/binary_info.c.obj
 .rodata.__bi_75
                0x1000a84c        0xc CMakeFiles/main.dir/Users/jjulich/Documents/pico-sdk/src/rp2_common/pico_standard_link/binary_info.c.obj
 .rodata.__bi_44
                0x1000a858        0xc CMakeFiles/main.dir/Users/jjulich/Documents/pico-sdk/src/rp2_common/pico_standard_link/binary_info.c.obj
 .rodata.update_us_since_boot.str1.4
                0x1000a864       0x68 CMakeFiles/main.dir/Users/jjulich/Documents/pico-sdk/src/rp2_common/pico_stdio/stdio.c.obj
 .rodata.crlf_str.2
                0x1000a864        0x2 CMakeFiles/main.dir/Users/jjulich/Documents/pico-sdk/src/rp2_common/pico_stdio/stdio.c.obj
 *fill*         0x1000a866        0x2 
 .rodata.__func__.3
                0x1000a868       0x15 CMakeFiles/main.dir/Users/jjulich/Documents/pico-sdk/src/rp2_common/pico_stdio/stdio.c.obj
 *fill*         0x1000a87d        0x3 
 .rodata._resetd_driver
                0x1000a880       0x18 CMakeFiles/main.dir/Users/jjulich/Documents/pico-sdk/src/rp2_common/pico_stdio_usb/reset_interface.c.obj
 .rodata.update_us_since_boot.str1.4
                0x1000a898       0x68 CMakeFiles/main.dir/Users/jjulich/Documents/pico-sdk/src/rp2_common/pico_stdio_usb/stdio_usb.c.obj
 .rodata.stdio_usb_init.str1.4
                0x1000a898       0x54 CMakeFiles/main.dir/Users/jjulich/Documents/pico-sdk/src/rp2_common/pico_stdio_usb/stdio_usb.c.obj
 .rodata.str1.4
                0x1000a898       0x13 CMakeFiles/main.dir/Users/jjulich/Documents/pico-sdk/src/rp2_common/pico_stdio_usb/stdio_usb.c.obj
 .rodata.__bi_182.0
                0x1000a898        0xc CMakeFiles/main.dir/Users/jjulich/Documents/pico-sdk/src/rp2_common/pico_stdio_usb/stdio_usb.c.obj
 .rodata.__func__.1
                0x1000a8a4        0xf CMakeFiles/main.dir/Users/jjulich/Documents/pico-sdk/src/rp2_common/pico_stdio_usb/stdio_usb.c.obj
 *fill*         0x1000a8b3        0x1 
 .rodata.__func__.3
                0x1000a8b4       0x15 CMakeFiles/main.dir/Users/jjulich/Documents/pico-sdk/src/rp2_common/pico_stdio_usb/stdio_usb.c.obj
 .rodata.str1.4
                0x1000a8c9       0x2a CMakeFiles/main.dir/Users/jjulich/Documents/pico-sdk/src/rp2_common/pico_stdio_usb/stdio_usb_descriptors.c.obj
 *fill*         0x1000a8c9        0x3 
 .rodata.usbd_desc_str
                0x1000a8cc       0x18 CMakeFiles/main.dir/Users/jjulich/Documents/pico-sdk/src/rp2_common/pico_stdio_usb/stdio_usb_descriptors.c.obj
 .rodata.usbd_desc_cfg
                0x1000a8e4       0x54 CMakeFiles/main.dir/Users/jjulich/Documents/pico-sdk/src/rp2_common/pico_stdio_usb/stdio_usb_descriptors.c.obj
 .rodata.usbd_desc_device
                0x1000a938       0x12 CMakeFiles/main.dir/Users/jjulich/Documents/pico-sdk/src/rp2_common/pico_stdio_usb/stdio_usb_descriptors.c.obj
 .rodata.pico_get_unique_board_id_string.str1.4
                0x1000a94a       0x54 CMakeFiles/main.dir/Users/jjulich/Documents/pico-sdk/src/rp2_common/pico_unique_id/unique_id.c.obj
 *fill*         0x1000a94a        0x2 
 .rodata.__func__.0
                0x1000a94c       0x20 CMakeFiles/main.dir/Users/jjulich/Documents/pico-sdk/src/rp2_common/pico_unique_id/unique_id.c.obj
 .rodata.str1.4